2026-04-07 17:41:49 - INFO - 初始化配置中...测试会话即将开始...
2026-04-07 17:41:49 - INFO - 初始化配置完成,测试会话开始!
2026-04-07 17:41:51 - INFO - ==================================================获取账号列表-正常场景-成功返回账号列表==================================================
2026-04-07 17:41:51 - INFO - 1.正在发送请求
2026-04-07 17:41:51 - INFO - {'method': 'GET', 'url': '/admin/accountList', 'headers': None}
2026-04-07 17:41:51 - INFO - 2.正在断言响应
2026-04-07 17:41:51 - INFO - {'status_code': 200, 'response': {'code': 200, 'msg': 'success', 'data': {'list_data': {'type': 'list', 'length': 5, 'object_required_items': ['id', 'username', 'name', 'phone']}}}}
2026-04-07 17:41:51 - INFO - resp.json: {'code': 200, 'msg': 'success', 'data': [{'id': 2, 'username': 'NCHU13312341234', 'name': '小明', 'phone': '13312341234'}, {'id': 3, 'username': 'NCHU13343214321', 'name': '小白', 'phone': '13343214321'}, {'id': 7, 'username': 'NCHU13314921921', 'name': '张三', 'phone': '13314921921'}, {'id': 9, 'username': 'NCHU18112341234', 'name': '李四', 'phone': '18112341234'}, {'id': 10, 'username': 'NCHU13955555555', 'name': '王五', 'phone': '13955555555'}, {'id': 28, 'username': 'NCHU13800138000', 'name': 'test_D39OeF', 'phone': '13800138000'}, {'id': 30, 'username': 'NCHUnull', 'name': 'test_6ZqAI7', 'phone': None}]}
2026-04-07 17:41:51 - ERROR - 共 1 个断言失败:
  - [length] data: 期望 5, 实际 7
2026-04-07 17:41:51 - INFO - ==================================================获取账号列表-异常场景-未登录访问被拒绝==================================================
2026-04-07 17:41:51 - INFO - 1.正在发送请求
2026-04-07 17:41:51 - INFO - {'method': 'GET', 'url': '/admin/accountList', 'headers': {'Token': ''}}
2026-04-07 17:41:51 - INFO - 2.正在断言响应
2026-04-07 17:41:51 - INFO - {'code': 401}
2026-04-07 17:41:51 - INFO - resp.json: {}
2026-04-07 17:41:51 - INFO - 所有断言通过
2026-04-07 17:41:51 - INFO - ===============================================获取账号列表-异常场景-使用无效Token访问被拒绝===============================================
2026-04-07 17:41:51 - INFO - 1.正在发送请求
2026-04-07 17:41:51 - INFO - {'method': 'GET', 'url': '/admin/accountList', 'headers': {'Token': 'Bearer invalid_token_123'}}
2026-04-07 17:41:52 - INFO - 2.正在断言响应
2026-04-07 17:41:52 - INFO - {'code': 401}
2026-04-07 17:41:52 - INFO - resp.json: {}
2026-04-07 17:41:52 - INFO - 所有断言通过
2026-04-07 17:41:52 - INFO - ================================================获取经费类型列表-正常场景-成功返回经费类型列表================================================
2026-04-07 17:41:52 - INFO - 1.正在发送请求
2026-04-07 17:41:52 - INFO - {'method': 'GET', 'url': '/admin/funds', 'headers': None}
2026-04-07 17:41:52 - INFO - 2.正在断言响应
2026-04-07 17:41:52 - INFO - {'status_code': 200, 'response': {'code': 200, 'msg': 'success', 'data': {'required_fields': ['totalFunds', 'totalRemainingFunds'], 'assert': {'type': {'totalFunds': 'float', 'totalRemainingFunds': 'float'}}}}}
2026-04-07 17:41:52 - INFO - resp.json: {'code': 200, 'msg': 'success', 'data': {'totalFunds': 160889082.0, 'totalRemainingFunds': 160879357.0}}
2026-04-07 17:41:52 - INFO - 所有断言通过
2026-04-07 17:41:52 - INFO - 3.正在提取变量
2026-04-07 17:41:52 - INFO - ================================================获取经费类型列表-异常场景-未登录访问返回401================================================
2026-04-07 17:41:52 - INFO - 1.正在发送请求
2026-04-07 17:41:52 - INFO - {'method': 'GET', 'url': '/admin/funds', 'headers': {'Token': ''}}
2026-04-07 17:41:52 - INFO - 2.正在断言响应
2026-04-07 17:41:52 - INFO - {'status_code': 401}
2026-04-07 17:41:52 - INFO - resp.json: {}
2026-04-07 17:41:52 - INFO - 所有断言通过
2026-04-07 17:41:52 - INFO - ================================================获取经费审批列表-正常场景-默认分页参数查询成功================================================
2026-04-07 17:41:52 - INFO - 1.正在发送请求
2026-04-07 17:41:52 - INFO - {'method': 'GET', 'url': '/admin/fundsApprovalList', 'headers': {}, 'params': {}, 'json': {}}
2026-04-07 17:41:52 - INFO - 2.正在断言响应
2026-04-07 17:41:52 - INFO - {'status_code': 200, 'response': {'code': 200, 'msg': 'success', 'data': {'required_fields': ['records', 'total', 'pageSize', 'page'], 'assert': {'type': {'total': 'int', 'pageSize': 'int', 'page': 'int', 'records': 'list'}}, 'list_check': {'records': {'length': 5, 'every_item_required_fields': ['id', 'projectId', 'applicant', 'reason', 'appliedFunds', 'remainingFunds', 'applicantId', 'appliedTime']}}}}}
2026-04-07 17:41:52 - INFO - resp.json: {'code': 200, 'msg': 'success', 'data': {'page': 1, 'pageSize': 5, 'total': 11, 'records': [{'id': 3, 'projectId': 4, 'applicant': '小白', 'reason': '我没白学', 'appliedFunds': 79754.0, 'remainingFunds': 794859.0, 'applicantId': None, 'appliedTime': '2025-12-26T06:48:26'}, {'id': 10, 'projectId': 9, 'applicant': '小明', 'reason': '11', 'appliedFunds': 0.0, 'remainingFunds': 4900.0, 'applicantId': None, 'appliedTime': '2026-01-04T12:13:58'}, {'id': 14, 'projectId': 9, 'applicant': '小明', 'reason': '要花', 'appliedFunds': 100.0, 'remainingFunds': 4900.0, 'applicantId': None, 'appliedTime': '2026-01-07T09:48:02'}, {'id': 15, 'projectId': 9, 'applicant': '小明', 'reason': '要花', 'appliedFunds': 100.0, 'remainingFunds': 4900.0, 'applicantId': None, 'appliedTime': '2026-01-07T09:48:04'}, {'id': 17, 'projectId': 14, 'applicant': '小明', 'reason': '好吧', 'appliedFunds': 321.0, 'remainingFunds': 43500.0, 'applicantId': None, 'appliedTime': '2026-01-07T09:56:28'}]}}
2026-04-07 17:41:52 - INFO - 所有断言通过
2026-04-07 17:41:52 - INFO - ===============================================获取经费审批列表-正常场景-自定义分页条数查询成功================================================
2026-04-07 17:41:52 - INFO - 1.正在发送请求
2026-04-07 17:41:52 - INFO - {'method': 'GET', 'url': '/admin/fundsApprovalList', 'headers': {}, 'params': {'page': 1, 'size': 10}, 'json': {}}
2026-04-07 17:41:53 - INFO - 2.正在断言响应
2026-04-07 17:41:53 - INFO - {'status_code': 200, 'response': {'code': 200, 'msg': 'success', 'data': {'assert': {'lte': {'pageSize': 10}}, 'list_check': {'records': {'every_item_required_fields': ['id', 'projectId', 'applicant', 'reason', 'appliedFunds', 'remainingFunds', 'applicantId', 'appliedTime']}}}}}
2026-04-07 17:41:53 - INFO - resp.json: {'code': 200, 'msg': 'success', 'data': {'page': 1, 'pageSize': 10, 'total': 11, 'records': [{'id': 3, 'projectId': 4, 'applicant': '小白', 'reason': '我没白学', 'appliedFunds': 79754.0, 'remainingFunds': 794859.0, 'applicantId': None, 'appliedTime': '2025-12-26T06:48:26'}, {'id': 10, 'projectId': 9, 'applicant': '小明', 'reason': '11', 'appliedFunds': 0.0, 'remainingFunds': 4900.0, 'applicantId': None, 'appliedTime': '2026-01-04T12:13:58'}, {'id': 14, 'projectId': 9, 'applicant': '小明', 'reason': '要花', 'appliedFunds': 100.0, 'remainingFunds': 4900.0, 'applicantId': None, 'appliedTime': '2026-01-07T09:48:02'}, {'id': 15, 'projectId': 9, 'applicant': '小明', 'reason': '要花', 'appliedFunds': 100.0, 'remainingFunds': 4900.0, 'applicantId': None, 'appliedTime': '2026-01-07T09:48:04'}, {'id': 17, 'projectId': 14, 'applicant': '小明', 'reason': '好吧', 'appliedFunds': 321.0, 'remainingFunds': 43500.0, 'applicantId': None, 'appliedTime': '2026-01-07T09:56:28'}, {'id': 18, 'projectId': 14, 'applicant': '小明', 'reason': '学习', 'appliedFunds': 123.0, 'remainingFunds': 43500.0, 'applicantId': None, 'appliedTime': '2026-02-20T16:10:37'}, {'id': 19, 'projectId': 14, 'applicant': '小明', 'reason': '购买实验材料', 'appliedFunds': 5000.0, 'remainingFunds': 43500.0, 'applicantId': None, 'appliedTime': '2026-02-20T16:14:49'}, {'id': 20, 'projectId': 14, 'applicant': '小明', 'reason': '购买实验材料', 'appliedFunds': 5000.0, 'remainingFunds': 43500.0, 'applicantId': None, 'appliedTime': '2026-02-22T14:24:50'}, {'id': 21, 'projectId': 14, 'applicant': '小明', 'reason': '购买实验材料', 'appliedFunds': 5000.0, 'remainingFunds': 43500.0, 'applicantId': None, 'appliedTime': '2026-02-22T14:44:24'}, {'id': 22, 'projectId': 14, 'applicant': '小明', 'reason': '购买实验材料', 'appliedFunds': 5000.0, 'remainingFunds': 43500.0, 'applicantId': None, 'appliedTime': '2026-02-22T14:48:39'}]}}
2026-04-07 17:41:53 - INFO - 所有断言通过
2026-04-07 17:41:53 - INFO - =================================================获取经费审批列表-异常场景-页码非数字类型==================================================
2026-04-07 17:41:53 - INFO - 1.正在发送请求
2026-04-07 17:41:53 - INFO - {'method': 'GET', 'url': '/admin/fundsApprovalList', 'headers': {}, 'params': {'page': 'abc', 'size': 5}, 'json': {}}
2026-04-07 17:41:53 - INFO - 2.正在断言响应
2026-04-07 17:41:53 - INFO - {'status_code': 200, 'response': {'code': 400, 'msg': '出错啦~', 'data': None}}
2026-04-07 17:41:53 - INFO - resp.json: {'code': 400, 'msg': '出错啦~', 'data': None}
2026-04-07 17:41:53 - INFO - 所有断言通过
2026-04-07 17:41:53 - INFO - ================================================获取经费审批列表-异常场景-每页条数超过最大限制================================================
2026-04-07 17:41:53 - INFO - 1.正在发送请求
2026-04-07 17:41:53 - INFO - {'method': 'GET', 'url': '/admin/fundsApprovalList', 'headers': {}, 'params': {'page': 1, 'size': 200}, 'json': {}}
2026-04-07 17:41:53 - INFO - 2.正在断言响应
2026-04-07 17:41:53 - INFO - {'status_code': 200, 'response': {'code': 200, 'msg': 'success', 'data': {'assert': {'type': {'records': 'list'}}}}}
2026-04-07 17:41:53 - INFO - resp.json: {'code': 200, 'msg': 'success', 'data': {'page': 1, 'pageSize': 200, 'total': 11, 'records': [{'id': 3, 'projectId': 4, 'applicant': '小白', 'reason': '我没白学', 'appliedFunds': 79754.0, 'remainingFunds': 794859.0, 'applicantId': None, 'appliedTime': '2025-12-26T06:48:26'}, {'id': 10, 'projectId': 9, 'applicant': '小明', 'reason': '11', 'appliedFunds': 0.0, 'remainingFunds': 4900.0, 'applicantId': None, 'appliedTime': '2026-01-04T12:13:58'}, {'id': 14, 'projectId': 9, 'applicant': '小明', 'reason': '要花', 'appliedFunds': 100.0, 'remainingFunds': 4900.0, 'applicantId': None, 'appliedTime': '2026-01-07T09:48:02'}, {'id': 15, 'projectId': 9, 'applicant': '小明', 'reason': '要花', 'appliedFunds': 100.0, 'remainingFunds': 4900.0, 'applicantId': None, 'appliedTime': '2026-01-07T09:48:04'}, {'id': 17, 'projectId': 14, 'applicant': '小明', 'reason': '好吧', 'appliedFunds': 321.0, 'remainingFunds': 43500.0, 'applicantId': None, 'appliedTime': '2026-01-07T09:56:28'}, {'id': 18, 'projectId': 14, 'applicant': '小明', 'reason': '学习', 'appliedFunds': 123.0, 'remainingFunds': 43500.0, 'applicantId': None, 'appliedTime': '2026-02-20T16:10:37'}, {'id': 19, 'projectId': 14, 'applicant': '小明', 'reason': '购买实验材料', 'appliedFunds': 5000.0, 'remainingFunds': 43500.0, 'applicantId': None, 'appliedTime': '2026-02-20T16:14:49'}, {'id': 20, 'projectId': 14, 'applicant': '小明', 'reason': '购买实验材料', 'appliedFunds': 5000.0, 'remainingFunds': 43500.0, 'applicantId': None, 'appliedTime': '2026-02-22T14:24:50'}, {'id': 21, 'projectId': 14, 'applicant': '小明', 'reason': '购买实验材料', 'appliedFunds': 5000.0, 'remainingFunds': 43500.0, 'applicantId': None, 'appliedTime': '2026-02-22T14:44:24'}, {'id': 22, 'projectId': 14, 'applicant': '小明', 'reason': '购买实验材料', 'appliedFunds': 5000.0, 'remainingFunds': 43500.0, 'applicantId': None, 'appliedTime': '2026-02-22T14:48:39'}, {'id': 23, 'projectId': 14, 'applicant': '小明', 'reason': '购买实验材料', 'appliedFunds': 5000.0, 'remainingFunds': 43500.0, 'applicantId': None, 'appliedTime': '2026-02-22T15:30:20'}]}}
2026-04-07 17:41:53 - INFO - 所有断言通过
2026-04-07 17:41:53 - INFO - ================================================获取经费审批列表-异常场景-未携带认证Token================================================
2026-04-07 17:41:53 - INFO - 1.正在发送请求
2026-04-07 17:41:53 - INFO - {'method': 'GET', 'url': '/admin/fundsApprovalList', 'headers': {'Token': ''}, 'params': {'page': 1, 'size': 5}, 'json': {}}
2026-04-07 17:41:53 - INFO - 2.正在断言响应
2026-04-07 17:41:53 - INFO - {'status_code': 401}
2026-04-07 17:41:53 - INFO - resp.json: {}
2026-04-07 17:41:53 - INFO - 所有断言通过
2026-04-07 17:41:53 - INFO - ================================================获取经费日志列表-正常场景-默认分页参数查询成功================================================
2026-04-07 17:41:53 - INFO - 1.正在发送请求
2026-04-07 17:41:53 - INFO - {'method': 'GET', 'url': '/admin/fundsLogList', 'headers': None, 'params': {'page': 1, 'size': 5}}
2026-04-07 17:41:53 - INFO - 2.正在断言响应
2026-04-07 17:41:53 - INFO - {'status_code': 200, 'response': {'code': 200, 'msg': 'success', 'data': {'required_fields': ['records', 'total', 'pageSize', 'page'], 'assert': {'eq': {'pageSize': 5, 'page': 1}, 'type': {'total': 'int'}}, 'list_check': {'records': {'length': 5, 'every_item_required_fields': ['id', 'projectId', 'applicantId', 'reason', 'appliedFunds', 'appliedTime', 'comment', 'status', 'approverId', 'updateTime']}}}}}
2026-04-07 17:41:53 - INFO - resp.json: {'code': 200, 'msg': 'success', 'data': {'page': 1, 'pageSize': 5, 'total': 10, 'records': [{'id': 1, 'projectId': 1, 'applicantId': 2, 'reason': '5000', 'appliedFunds': 0.0, 'appliedTime': '2025-12-26T03:38:42', 'approverId': 1, 'comment': '可以', 'updateTime': '2025-12-26T03:38:50', 'status': 2}, {'id': 2, 'projectId': 1, 'applicantId': 2, 'reason': '要用', 'appliedFunds': 5000.0, 'appliedTime': '2025-12-26T03:41:27', 'approverId': 1, 'comment': '可以', 'updateTime': '2025-12-26T03:41:37', 'status': 2}, {'id': 4, 'projectId': 4, 'applicantId': 3, 'reason': '吃多点好的', 'appliedFunds': 2313.0, 'appliedTime': '2025-12-26T06:49:33', 'approverId': 1, 'comment': '同意', 'updateTime': '2025-12-26T09:25:28', 'status': 2}, {'id': 5, 'projectId': 4, 'applicantId': 3, 'reason': '为', 'appliedFunds': 2312.0, 'appliedTime': '2025-12-26T09:05:00', 'approverId': 1, 'comment': 'xx', 'updateTime': '2026-02-20T14:32:45', 'status': 2}, {'id': 6, 'projectId': 4, 'applicantId': 3, 'reason': '为', 'appliedFunds': 321321312.0, 'appliedTime': '2025-12-26T09:05:21', 'approverId': 1, 'comment': 'xx', 'updateTime': '2025-12-26T09:19:00', 'status': 2}]}}
2026-04-07 17:41:53 - INFO - 所有断言通过
2026-04-07 17:41:53 - INFO - ===============================================获取经费日志列表-正常场景-自定义每页条数查询成功================================================
2026-04-07 17:41:53 - INFO - 1.正在发送请求
2026-04-07 17:41:53 - INFO - {'method': 'GET', 'url': '/admin/fundsLogList', 'headers': {'Authorization': ''}, 'params': {'page': 1, 'size': 10}}
2026-04-07 17:41:54 - INFO - 2.正在断言响应
2026-04-07 17:41:54 - INFO - {'status_code': 200, 'response': {'code': 200, 'msg': 'success', 'data': {'assert': {'lte': {'pageSize': 10}, 'eq': {'page': 1}}, 'list_check': {'records': {'every_item_required_fields': ['id', 'projectId', 'applicantId', 'reason', 'appliedFunds', 'appliedTime', 'comment', 'status', 'approverId', 'updateTime']}}}}}
2026-04-07 17:41:54 - INFO - resp.json: {'code': 200, 'msg': 'success', 'data': {'page': 1, 'pageSize': 10, 'total': 10, 'records': [{'id': 1, 'projectId': 1, 'applicantId': 2, 'reason': '5000', 'appliedFunds': 0.0, 'appliedTime': '2025-12-26T03:38:42', 'approverId': 1, 'comment': '可以', 'updateTime': '2025-12-26T03:38:50', 'status': 2}, {'id': 2, 'projectId': 1, 'applicantId': 2, 'reason': '要用', 'appliedFunds': 5000.0, 'appliedTime': '2025-12-26T03:41:27', 'approverId': 1, 'comment': '可以', 'updateTime': '2025-12-26T03:41:37', 'status': 2}, {'id': 4, 'projectId': 4, 'applicantId': 3, 'reason': '吃多点好的', 'appliedFunds': 2313.0, 'appliedTime': '2025-12-26T06:49:33', 'approverId': 1, 'comment': '同意', 'updateTime': '2025-12-26T09:25:28', 'status': 2}, {'id': 5, 'projectId': 4, 'applicantId': 3, 'reason': '为', 'appliedFunds': 2312.0, 'appliedTime': '2025-12-26T09:05:00', 'approverId': 1, 'comment': 'xx', 'updateTime': '2026-02-20T14:32:45', 'status': 2}, {'id': 6, 'projectId': 4, 'applicantId': 3, 'reason': '为', 'appliedFunds': 321321312.0, 'appliedTime': '2025-12-26T09:05:21', 'approverId': 1, 'comment': 'xx', 'updateTime': '2025-12-26T09:19:00', 'status': 2}, {'id': 7, 'projectId': 4, 'applicantId': 3, 'reason': '为', 'appliedFunds': 232432432.0, 'appliedTime': '2025-12-26T09:05:40', 'approverId': 1, 'comment': 'ww', 'updateTime': '2025-12-26T09:18:00', 'status': 2}, {'id': 8, 'projectId': 9, 'applicantId': 2, 'reason': '', 'appliedFunds': 0.0, 'appliedTime': '2026-01-04T10:49:09', 'approverId': 1, 'comment': '行吧', 'updateTime': '2026-01-07T09:29:01', 'status': 2}, {'id': 12, 'projectId': 9, 'applicantId': 2, 'reason': '要花', 'appliedFunds': 100.0, 'appliedTime': '2026-01-07T09:46:48', 'approverId': 1, 'comment': '不合适', 'updateTime': '2026-01-07T09:46:57', 'status': 1}, {'id': 13, 'projectId': 9, 'applicantId': 2, 'reason': '要花', 'appliedFunds': 100.0, 'appliedTime': '2026-01-07T09:48:00', 'approverId': 1, 'comment': '可以', 'updateTime': '2026-01-07T09:48:11', 'status': 2}, {'id': 16, 'projectId': 9, 'applicantId': 2, 'reason': '可以吗', 'appliedFunds': -1.0, 'appliedTime': '2026-01-07T09:54:14', 'approverId': 1, 'comment': '不行', 'updateTime': '2026-01-07T09:54:38', 'status': 1}]}}
2026-04-07 17:41:54 - INFO - 所有断言通过
2026-04-07 17:41:54 - INFO - ==============================================获取经费日志列表-异常场景-页码超出最大范围返回空数据===============================================
2026-04-07 17:41:54 - INFO - 1.正在发送请求
2026-04-07 17:41:54 - INFO - {'method': 'GET', 'url': '/admin/fundsLogList', 'headers': None, 'params': {'page': 999, 'size': 5}}
2026-04-07 17:41:54 - INFO - 2.正在断言响应
2026-04-07 17:41:54 - INFO - {'status_code': 200, 'response': {'code': 200, 'msg': 'success', 'data': None}}
2026-04-07 17:41:54 - INFO - resp.json: {'code': 200, 'msg': 'success', 'data': {'page': 999, 'pageSize': 5, 'total': 10, 'records': []}}
2026-04-07 17:41:54 - INFO - 所有断言通过
2026-04-07 17:41:54 - INFO - ============================================获取经费日志列表-异常场景-未携带Token认证信息被拒绝访问=============================================
2026-04-07 17:41:54 - INFO - 1.正在发送请求
2026-04-07 17:41:54 - INFO - {'method': 'GET', 'url': '/admin/fundsLogList', 'headers': {'Token': ''}, 'params': {'page': 1, 'size': 5}}
2026-04-07 17:41:54 - INFO - 2.正在断言响应
2026-04-07 17:41:54 - INFO - {'status_code': 401}
2026-04-07 17:41:54 - INFO - resp.json: {}
2026-04-07 17:41:54 - INFO - 所有断言通过
2026-04-07 17:41:54 - INFO - ===================================================获取项目种类列表-正常场景-请求成功===================================================
2026-04-07 17:41:54 - INFO - 1.正在发送请求
2026-04-07 17:41:54 - INFO - {'method': 'GET', 'url': '/admin/kinds', 'headers': {}, 'params': {}, 'json': {}}
2026-04-07 17:41:54 - INFO - 2.正在断言响应
2026-04-07 17:41:54 - INFO - {'status_code': 200, 'response': {'code': 200, 'msg': 'success', 'data': {'required_fields': ['projects', 'projectsOf2', 'projectsOf3', 'projectsOf4', 'projectsOf5']}}}
2026-04-07 17:41:54 - INFO - resp.json: {'code': 200, 'msg': 'success', 'data': {'projects': 26, 'projectsOf2': 20, 'projectsOf3': 3, 'projectsOf4': 1, 'projectsOf5': 2}}
2026-04-07 17:41:54 - INFO - 所有断言通过
2026-04-07 17:41:54 - INFO - ===============================================获取项目种类列表-异常场景-未携带Token认证信息===============================================
2026-04-07 17:41:54 - INFO - 1.正在发送请求
2026-04-07 17:41:54 - INFO - {'method': 'GET', 'url': '/admin/kinds', 'headers': {'Token': ''}, 'params': {}, 'json': {}}
2026-04-07 17:41:55 - INFO - 2.正在断言响应
2026-04-07 17:41:55 - INFO - {'status_code': 401}
2026-04-07 17:41:55 - INFO - resp.json: {}
2026-04-07 17:41:55 - INFO - 所有断言通过
2026-04-07 17:41:55 - INFO - ================================================获取项目审批列表-正常场景-默认页码和每页条数=================================================
2026-04-07 17:41:55 - INFO - 1.正在发送请求
2026-04-07 17:41:55 - INFO - {'method': 'GET', 'url': '/admin/projectsApprovalList', 'headers': None, 'params': {}}
2026-04-07 17:41:55 - INFO - 2.正在断言响应
2026-04-07 17:41:55 - INFO - {'status_code': 200, 'response': {'code': 200, 'msg': 'success', 'data': {'required_fields': ['records', 'total', 'pageSize', 'page'], 'assert': {'type': {'total': 'int', 'pageSize': 'int', 'page': 'int'}}, 'list_check': {'records': {'length': 5, 'every_item_required_fields': ['projectName', 'startTime', 'deadline', 'content', 'applicant', 'funds']}}}}}
2026-04-07 17:41:55 - INFO - resp.json: {'code': 200, 'msg': 'success', 'data': {'page': 1, 'pageSize': 5, 'total': 54, 'records': [{'id': 12, 'projectName': '项目2', 'projectType': '横向项目', 'applicant': '小明', 'applicantId': 2, 'funds': 324324.0, 'remainingFunds': 324324.0, 'content': 'https://inventropy.oss-cn-hangzhou.aliyuncs.com/2026/01/项目2.docx', 'startTime': '2026-01-07T16:54:18', 'deadline': '2026-03-12T00:00:00', 'updateTime': '2026-01-07T08:54:18', 'status': 0, 'reason': '暂未审批'}, {'id': 17, 'projectName': '项目6', 'projectType': '横向项目', 'applicant': '小明', 'applicantId': 2, 'funds': 432432.0, 'remainingFunds': 432432.0, 'content': 'https://inventropy.oss-cn-hangzhou.aliyuncs.com/2026/01/项目6.docx', 'startTime': '2026-01-07T16:56:14', 'deadline': '2028-01-14T00:00:00', 'updateTime': '2026-01-07T08:56:14', 'status': 0, 'reason': '暂未审批'}, {'id': 18, 'projectName': '项目7', 'projectType': '横向项目', 'applicant': '小明', 'applicantId': 2, 'funds': 5435435.0, 'remainingFunds': 5435435.0, 'content': 'https://inventropy.oss-cn-hangzhou.aliyuncs.com/2026/01/项目7.docx', 'startTime': '2026-01-07T16:56:40', 'deadline': '2026-04-10T00:00:00', 'updateTime': '2026-01-07T08:56:40', 'status': 0, 'reason': '暂未审批'}, {'id': 19, 'projectName': '项目8', 'projectType': '纵向项目', 'applicant': '小明', 'applicantId': 2, 'funds': 354.0, 'remainingFunds': 354.0, 'content': 'https://inventropy.oss-cn-hangzhou.aliyuncs.com/2026/01/项目8.docx', 'startTime': '2026-01-07T16:57:29', 'deadline': '2028-02-17T00:00:00', 'updateTime': '2026-01-07T08:57:29', 'status': 0, 'reason': '暂未审批'}, {'id': 20, 'projectName': '项目9', 'projectType': '纵向项目', 'applicant': '小明', 'applicantId': 2, 'funds': 34325345.0, 'remainingFunds': 34325345.0, 'content': 'https://inventropy.oss-cn-hangzhou.aliyuncs.com/2026/01/项目9.docx', 'startTime': '2026-01-07T16:58:08', 'deadline': '2026-04-30T00:00:00', 'updateTime': '2026-01-07T08:58:08', 'status': 0, 'reason': '暂未审批'}]}}
2026-04-07 17:41:55 - INFO - 所有断言通过
2026-04-07 17:41:55 - INFO - ================================================获取项目审批列表-正常场景-自定义页码和每页条数================================================
2026-04-07 17:41:55 - INFO - 1.正在发送请求
2026-04-07 17:41:55 - INFO - {'method': 'GET', 'url': '/admin/projectsApprovalList', 'headers': None, 'params': {'page': 1, 'size': 10}}
2026-04-07 17:41:55 - INFO - 2.正在断言响应
2026-04-07 17:41:55 - INFO - {'status_code': 200, 'response': {'code': 200, 'msg': 'success', 'data': {'required_fields': ['records', 'total', 'pageSize', 'page'], 'assert': {'lte': {'pageSize': 10}, 'type': {'total': 'int', 'page': 'int'}}, 'list_check': {'records': {'length': 10, 'every_item_required_fields': ['projectName', 'startTime', 'deadline', 'content', 'applicant', 'funds']}}}}}
2026-04-07 17:41:55 - INFO - resp.json: {'code': 200, 'msg': 'success', 'data': {'page': 1, 'pageSize': 10, 'total': 54, 'records': [{'id': 12, 'projectName': '项目2', 'projectType': '横向项目', 'applicant': '小明', 'applicantId': 2, 'funds': 324324.0, 'remainingFunds': 324324.0, 'content': 'https://inventropy.oss-cn-hangzhou.aliyuncs.com/2026/01/项目2.docx', 'startTime': '2026-01-07T16:54:18', 'deadline': '2026-03-12T00:00:00', 'updateTime': '2026-01-07T08:54:18', 'status': 0, 'reason': '暂未审批'}, {'id': 17, 'projectName': '项目6', 'projectType': '横向项目', 'applicant': '小明', 'applicantId': 2, 'funds': 432432.0, 'remainingFunds': 432432.0, 'content': 'https://inventropy.oss-cn-hangzhou.aliyuncs.com/2026/01/项目6.docx', 'startTime': '2026-01-07T16:56:14', 'deadline': '2028-01-14T00:00:00', 'updateTime': '2026-01-07T08:56:14', 'status': 0, 'reason': '暂未审批'}, {'id': 18, 'projectName': '项目7', 'projectType': '横向项目', 'applicant': '小明', 'applicantId': 2, 'funds': 5435435.0, 'remainingFunds': 5435435.0, 'content': 'https://inventropy.oss-cn-hangzhou.aliyuncs.com/2026/01/项目7.docx', 'startTime': '2026-01-07T16:56:40', 'deadline': '2026-04-10T00:00:00', 'updateTime': '2026-01-07T08:56:40', 'status': 0, 'reason': '暂未审批'}, {'id': 19, 'projectName': '项目8', 'projectType': '纵向项目', 'applicant': '小明', 'applicantId': 2, 'funds': 354.0, 'remainingFunds': 354.0, 'content': 'https://inventropy.oss-cn-hangzhou.aliyuncs.com/2026/01/项目8.docx', 'startTime': '2026-01-07T16:57:29', 'deadline': '2028-02-17T00:00:00', 'updateTime': '2026-01-07T08:57:29', 'status': 0, 'reason': '暂未审批'}, {'id': 20, 'projectName': '项目9', 'projectType': '纵向项目', 'applicant': '小明', 'applicantId': 2, 'funds': 34325345.0, 'remainingFunds': 34325345.0, 'content': 'https://inventropy.oss-cn-hangzhou.aliyuncs.com/2026/01/项目9.docx', 'startTime': '2026-01-07T16:58:08', 'deadline': '2026-04-30T00:00:00', 'updateTime': '2026-01-07T08:58:08', 'status': 0, 'reason': '暂未审批'}, {'id': 22, 'projectName': '项目11', 'projectType': '校内项目', 'applicant': '小明', 'applicantId': 2, 'funds': 213123.0, 'remainingFunds': 213123.0, 'content': 'https://inventropy.oss-cn-hangzhou.aliyuncs.com/2026/01/项目11.docx', 'startTime': '2026-01-07T16:59:00', 'deadline': '2027-01-29T00:00:00', 'updateTime': '2026-01-07T08:59:00', 'status': 0, 'reason': '暂未审批'}, {'id': 27, 'projectName': '项目17', 'projectType': '纵向项目', 'applicant': '小明', 'applicantId': 2, 'funds': 123213.0, 'remainingFunds': 123213.0, 'content': 'https://inventropy.oss-cn-hangzhou.aliyuncs.com/2026/01/项目17.docx', 'startTime': '2026-01-07T17:00:52', 'deadline': '2027-01-09T00:00:00', 'updateTime': '2026-01-07T09:00:52', 'status': 0, 'reason': '暂未审批'}, {'id': 28, 'projectName': '项目18', 'projectType': '纵向项目', 'applicant': '小明', 'applicantId': 2, 'funds': 99910000.0, 'remainingFunds': 99910000.0, 'content': 'https://inventropy.oss-cn-hangzhou.aliyuncs.com/2026/01/项目18.docx', 'startTime': '2026-01-07T17:01:13', 'deadline': '2027-01-16T00:00:00', 'updateTime': '2026-01-07T09:01:13', 'status': 0, 'reason': '暂未审批'}, {'id': 29, 'projectName': '项目19', 'projectType': '横向项目', 'applicant': '小明', 'applicantId': 2, 'funds': 23100.0, 'remainingFunds': 23100.0, 'content': 'https://inventropy.oss-cn-hangzhou.aliyuncs.com/2026/01/项目19.docx', 'startTime': '2026-01-07T17:01:38', 'deadline': '2028-01-14T00:00:00', 'updateTime': '2026-01-07T09:01:38', 'status': 0, 'reason': '暂未审批'}, {'id': 30, 'projectName': '项目20', 'projectType': '横向项目', 'applicant': '小明', 'applicantId': 2, 'funds': 2341.0, 'remainingFunds': 2341.0, 'content': 'https://inventropy.oss-cn-hangzhou.aliyuncs.com/2026/01/项目20.docx', 'startTime': '2026-01-07T17:02:03', 'deadline': '2026-04-25T00:00:00', 'updateTime': '2026-01-07T09:02:03', 'status': 0, 'reason': '暂未审批'}]}}
2026-04-07 17:41:55 - INFO - 所有断言通过
2026-04-07 17:41:55 - INFO - ==================================================获取项目审批列表-异常场景-未登录访问===================================================
2026-04-07 17:41:55 - INFO - 1.正在发送请求
2026-04-07 17:41:55 - INFO - {'method': 'GET', 'url': '/admin/projectsApprovalList', 'headers': {'Token': ''}, 'params': {}}
2026-04-07 17:41:55 - INFO - 2.正在断言响应
2026-04-07 17:41:55 - INFO - {'status_code': 401}
2026-04-07 17:41:55 - INFO - resp.json: {}
2026-04-07 17:41:55 - INFO - 所有断言通过
2026-04-07 17:41:55 - INFO - =================================================获取项目审批列表-边界场景-页码为最小值0==================================================
2026-04-07 17:41:55 - INFO - 1.正在发送请求
2026-04-07 17:41:55 - INFO - {'method': 'GET', 'url': '/admin/projectsApprovalList', 'headers': None, 'params': {'page': 0, 'size': 5}}
2026-04-07 17:41:55 - INFO - 2.正在断言响应
2026-04-07 17:41:55 - INFO - {'status_code': 200, 'response': {'code': 200, 'msg': 'success', 'data': {'assert': {'eq': {'page': 1}}, 'list_check': {'records': {'length': 5, 'every_item_required_fields': ['projectName', 'startTime', 'deadline', 'content', 'applicant', 'funds']}}}}}
2026-04-07 17:41:55 - INFO - resp.json: {'code': 200, 'msg': 'success', 'data': {'page': 0, 'pageSize': 5, 'total': 54, 'records': []}}
2026-04-07 17:41:55 - ERROR - 共 2 个断言失败:
  - [eq] data.page: 期望 1, 实际 0
  - [length] data.records: 期望 5, 实际 0
2026-04-07 17:41:55 - INFO - ==================================================获取项目审批列表-边界场景-页码为极大值==================================================
2026-04-07 17:41:55 - INFO - 1.正在发送请求
2026-04-07 17:41:55 - INFO - {'method': 'GET', 'url': '/admin/projectsApprovalList', 'headers': None, 'params': {'page': 9999, 'size': 5}}
2026-04-07 17:41:56 - INFO - 2.正在断言响应
2026-04-07 17:41:56 - INFO - {'status_code': 200, 'response': {'code': 200, 'msg': 'success', 'data': {'assert': {'type': {'total': 'int', 'pageSize': 'int', 'page': 'int'}}, 'list_check': {'records': {'length': 0}}}}}
2026-04-07 17:41:56 - INFO - resp.json: {'code': 200, 'msg': 'success', 'data': {'page': 9999, 'pageSize': 5, 'total': 54, 'records': []}}
2026-04-07 17:41:56 - INFO - 所有断言通过
2026-04-07 17:41:56 - INFO - =================================================获取项目列表-正常场景-默认分页参数查询成功=================================================
2026-04-07 17:41:56 - INFO - 1.正在发送请求
2026-04-07 17:41:56 - INFO - {'method': 'GET', 'url': '/admin/projectsList', 'params': {}, 'headers': {}}
2026-04-07 17:41:56 - INFO - 2.正在断言响应
2026-04-07 17:41:56 - INFO - {'status_code': 200, 'response': {'code': 200, 'msg': 'success', 'data': {'required_fields': ['records', 'total', 'pageSize', 'page'], 'assert': {'lte': {'pageSize': 5}, 'eq': {'page': 1}, 'type': {'total': 'int', 'records': 'list'}}, 'list_check': {'records': {'length': 5, 'every_item_required_fields': ['id', 'projectName', 'applicantId', 'projectType', 'applicant', 'funds', 'remainingFunds', 'status', 'content', 'startTime', 'deadline']}}}}}
2026-04-07 17:41:56 - INFO - resp.json: {'code': 200, 'msg': 'success', 'data': {'page': 1, 'pageSize': 5, 'total': 65, 'records': [{'id': 6, 'projectName': '项目12', 'projectType': '纵向项目', 'applicant': '小白', 'applicantId': 3, 'funds': 324432.0, 'remainingFunds': 324432.0, 'content': 'https://inventropy.oss-cn-hangzhou.aliyuncs.com/2025/12/项目12.docx', 'startTime': '2024-12-26T14:45:33', 'deadline': '2025-01-29T00:00:00', 'updateTime': '2026-01-07T09:19:24', 'status': 5, 'reason': '暂未审批'}, {'id': 1, 'projectName': '通过', 'projectType': '纵向项目', 'applicant': '小明', 'applicantId': 2, 'funds': 10000.0, 'remainingFunds': 5000.0, 'content': 'https://inventropy.oss-cn-hangzhou.aliyuncs.com/2025/12/项目1.docx', 'startTime': '2025-12-26T11:20:56', 'deadline': '2026-01-01T00:00:00', 'updateTime': '2026-01-07T09:28:43', 'status': 5, 'reason': '暂未审批'}, {'id': 2, 'projectName': '不通过', 'projectType': '横向项目', 'applicant': '小明', 'applicantId': 2, 'funds': 9999999.0, 'remainingFunds': 9999999.0, 'content': 'https://inventropy.oss-cn-hangzhou.aliyuncs.com/2025/12/项目2.docx', 'startTime': '2025-12-26T11:21:12', 'deadline': '2025-12-29T00:00:00', 'updateTime': '2026-01-07T09:05:37', 'status': 2, 'reason': '没钱'}, {'id': 3, 'projectName': '速通', 'projectType': '横向项目', 'applicant': '小明', 'applicantId': 2, 'funds': 100.0, 'remainingFunds': 100.0, 'content': 'https://inventropy.oss-cn-hangzhou.aliyuncs.com/2025/12/项目3.docx', 'startTime': '2025-12-26T12:48:05', 'deadline': '2025-12-27T00:00:00', 'updateTime': '2026-01-04T09:59:26', 'status': 2, 'reason': '暂未审批'}, {'id': 4, 'projectName': '我白学了吗', 'projectType': '校内项目', 'applicant': '小白', 'applicantId': 3, 'funds': 799484.0, 'remainingFunds': 794859.0, 'content': 'https://inventropy.oss-cn-hangzhou.aliyuncs.com/2025/12/项目4.docx', 'startTime': '2025-12-26T14:44:23', 'deadline': '2026-01-01T00:00:00', 'updateTime': '2026-02-20T14:32:45', 'status': 2, 'reason': '暂未审批'}]}}
2026-04-07 17:41:56 - INFO - 所有断言通过
2026-04-07 17:41:56 - INFO - ================================================获取项目列表-正常场景-自定义分页条数查询成功=================================================
2026-04-07 17:41:56 - INFO - 1.正在发送请求
2026-04-07 17:41:56 - INFO - {'method': 'GET', 'url': '/admin/projectsList', 'params': {'page': 1, 'size': 10}, 'headers': {}}
2026-04-07 17:41:56 - INFO - 2.正在断言响应
2026-04-07 17:41:56 - INFO - {'status_code': 200, 'response': {'code': 200, 'msg': 'success', 'data': {'assert': {'eq': {'page': 1}}, 'list_check': {'records': {'every_item_required_fields': ['id', 'projectName', 'applicantId', 'projectType', 'applicant', 'funds', 'remainingFunds', 'status', 'content', 'startTime', 'deadline']}}}}}
2026-04-07 17:41:56 - INFO - resp.json: {'code': 200, 'msg': 'success', 'data': {'page': 1, 'pageSize': 10, 'total': 65, 'records': [{'id': 6, 'projectName': '项目12', 'projectType': '纵向项目', 'applicant': '小白', 'applicantId': 3, 'funds': 324432.0, 'remainingFunds': 324432.0, 'content': 'https://inventropy.oss-cn-hangzhou.aliyuncs.com/2025/12/项目12.docx', 'startTime': '2024-12-26T14:45:33', 'deadline': '2025-01-29T00:00:00', 'updateTime': '2026-01-07T09:19:24', 'status': 5, 'reason': '暂未审批'}, {'id': 1, 'projectName': '通过', 'projectType': '纵向项目', 'applicant': '小明', 'applicantId': 2, 'funds': 10000.0, 'remainingFunds': 5000.0, 'content': 'https://inventropy.oss-cn-hangzhou.aliyuncs.com/2025/12/项目1.docx', 'startTime': '2025-12-26T11:20:56', 'deadline': '2026-01-01T00:00:00', 'updateTime': '2026-01-07T09:28:43', 'status': 5, 'reason': '暂未审批'}, {'id': 2, 'projectName': '不通过', 'projectType': '横向项目', 'applicant': '小明', 'applicantId': 2, 'funds': 9999999.0, 'remainingFunds': 9999999.0, 'content': 'https://inventropy.oss-cn-hangzhou.aliyuncs.com/2025/12/项目2.docx', 'startTime': '2025-12-26T11:21:12', 'deadline': '2025-12-29T00:00:00', 'updateTime': '2026-01-07T09:05:37', 'status': 2, 'reason': '没钱'}, {'id': 3, 'projectName': '速通', 'projectType': '横向项目', 'applicant': '小明', 'applicantId': 2, 'funds': 100.0, 'remainingFunds': 100.0, 'content': 'https://inventropy.oss-cn-hangzhou.aliyuncs.com/2025/12/项目3.docx', 'startTime': '2025-12-26T12:48:05', 'deadline': '2025-12-27T00:00:00', 'updateTime': '2026-01-04T09:59:26', 'status': 2, 'reason': '暂未审批'}, {'id': 4, 'projectName': '我白学了吗', 'projectType': '校内项目', 'applicant': '小白', 'applicantId': 3, 'funds': 799484.0, 'remainingFunds': 794859.0, 'content': 'https://inventropy.oss-cn-hangzhou.aliyuncs.com/2025/12/项目4.docx', 'startTime': '2025-12-26T14:44:23', 'deadline': '2026-01-01T00:00:00', 'updateTime': '2026-02-20T14:32:45', 'status': 2, 'reason': '暂未审批'}, {'id': 5, 'projectName': '项目10', 'projectType': '横向项目', 'applicant': '小白', 'applicantId': 3, 'funds': 45673.0, 'remainingFunds': 45673.0, 'content': 'https://inventropy.oss-cn-hangzhou.aliyuncs.com/2025/12/项目10.docx', 'startTime': '2025-12-26T14:45:09', 'deadline': '2025-12-31T00:00:00', 'updateTime': '2026-01-04T09:59:26', 'status': 2, 'reason': '暂未审批'}, {'id': 7, 'projectName': '项目23', 'projectType': '横向项目', 'applicant': '小白', 'applicantId': 3, 'funds': 2313.0, 'remainingFunds': 2313.0, 'content': 'https://inventropy.oss-cn-hangzhou.aliyuncs.com/2025/12/项目20.docx', 'startTime': '2025-12-26T15:33:09', 'deadline': '2025-12-30T00:00:00', 'updateTime': '2026-01-04T09:59:26', 'status': 2, 'reason': '暂未审批'}, {'id': 8, 'projectName': '项目18', 'projectType': '纵向项目', 'applicant': '小白', 'applicantId': 3, 'funds': 24324.0, 'remainingFunds': 24324.0, 'content': 'https://inventropy.oss-cn-hangzhou.aliyuncs.com/2025/12/项目18.docx', 'startTime': '2025-12-26T15:33:31', 'deadline': '2025-12-29T00:00:00', 'updateTime': '2026-01-04T09:59:26', 'status': 2, 'reason': '暂未审批'}, {'id': 9, 'projectName': '111', 'projectType': '纵向项目', 'applicant': '小白', 'applicantId': 2, 'funds': 5000.0, 'remainingFunds': 4900.0, 'content': 'https://inventropy.oss-cn-hangzhou.aliyuncs.com/2026/01/资料提交要求_数据库原理课程设计.doc', 'startTime': '2026-01-04T18:37:00', 'deadline': '2026-01-15T00:00:00', 'updateTime': '2026-02-19T17:07:41', 'status': 2, 'reason': '暂未审批'}, {'id': 10, 'projectName': '111', 'projectType': '纵向项目', 'applicant': 'aaaa', 'applicantId': 2, 'funds': 111.0, 'remainingFunds': 111.0, 'content': 'https://inventropy.oss-cn-hangzhou.aliyuncs.com/2026/01/计划书.docx', 'startTime': '2026-01-04T19:52:59', 'deadline': '2026-01-31T00:00:00', 'updateTime': '2026-02-19T17:07:41', 'status': 2, 'reason': '暂未审批'}]}}
2026-04-07 17:41:56 - INFO - 所有断言通过
2026-04-07 17:41:56 - INFO - ================================================获取项目列表-边界场景-页码超出范围返回空列表=================================================
2026-04-07 17:41:56 - INFO - 1.正在发送请求
2026-04-07 17:41:56 - INFO - {'method': 'GET', 'url': '/admin/projectsList', 'params': {'page': 999, 'size': 5}, 'headers': {}}
2026-04-07 17:41:57 - INFO - 2.正在断言响应
2026-04-07 17:41:57 - INFO - {'status_code': 200, 'response': {'code': 200, 'msg': 'success', 'data': {'assert': {'type': {'records': 'list'}}, 'list_check': {'records': {'length': 0}}}}}
2026-04-07 17:41:57 - INFO - resp.json: {'code': 200, 'msg': 'success', 'data': {'page': 999, 'pageSize': 5, 'total': 65, 'records': []}}
2026-04-07 17:41:57 - INFO - 所有断言通过
2026-04-07 17:41:57 - INFO - ==================================================获取项目列表-异常场景-页码参数类型错误==================================================
2026-04-07 17:41:57 - INFO - 1.正在发送请求
2026-04-07 17:41:57 - INFO - {'method': 'GET', 'url': '/admin/projectsList', 'params': {'page': 'abc', 'size': 5}, 'headers': {}}
2026-04-07 17:41:57 - INFO - 2.正在断言响应
2026-04-07 17:41:57 - INFO - {'status_code': 200, 'response': {'code': 400, 'msg': '出错啦~', 'data': None}}
2026-04-07 17:41:57 - INFO - resp.json: {'code': 400, 'msg': '出错啦~', 'data': None}
2026-04-07 17:41:57 - INFO - 所有断言通过
2026-04-07 17:41:57 - INFO - ===================================================获取项目列表-边界场景-页码为负数====================================================
2026-04-07 17:41:57 - INFO - 1.正在发送请求
2026-04-07 17:41:57 - INFO - {'method': 'GET', 'url': '/admin/projectsList', 'params': {'page': -1, 'size': 5}, 'headers': {}}
2026-04-07 17:41:57 - INFO - 2.正在断言响应
2026-04-07 17:41:57 - INFO - {'status_code': 200, 'response': {'code': 200, 'data': {'list_check': {'records': {'every_item_required_fields': ['id', 'projectName', 'applicantId', 'projectType', 'applicant', 'funds', 'remainingFunds', 'status', 'content', 'startTime', 'deadline']}}}}}
2026-04-07 17:41:57 - INFO - resp.json: {'code': 200, 'msg': 'success', 'data': {'page': -1, 'pageSize': 5, 'total': 65, 'records': []}}
2026-04-07 17:41:57 - INFO - 所有断言通过
2026-04-07 17:41:57 - INFO - ================================================获取项目日志列表-正常场景-默认分页参数查询成功================================================
2026-04-07 17:41:57 - INFO - 1.正在发送请求
2026-04-07 17:41:57 - INFO - {'method': 'GET', 'url': '/admin/projectsLogList', 'headers': {}, 'params': {}}
2026-04-07 17:41:57 - INFO - 2.正在断言响应
2026-04-07 17:41:57 - INFO - {'status_code': 200, 'response': {'code': 200, 'msg': 'success', 'data': {'required_fields': ['records', 'total', 'pageSize', 'page'], 'assert': {'lte': {'pageSize': 5}, 'type': {'total': 'int', 'page': 'int'}}, 'list_check': {'records': {'every_item_required_fields': ['id', 'oldStatus', 'newStatus', 'reason', 'approverId', 'createTime']}}}}}
2026-04-07 17:41:57 - INFO - resp.json: {'code': 200, 'msg': 'success', 'data': {'page': 1, 'pageSize': 5, 'total': 174, 'records': [{'id': 68, 'projectId': 1, 'oldStatus': 5, 'newStatus': 5, 'reason': '经过讨论决定', 'createTime': '2026-01-07T09:28:43', 'approverId': 1}, {'id': 21, 'projectId': 1, 'oldStatus': 3, 'newStatus': 2, 'reason': '超时过期', 'createTime': '2026-01-04T09:59:26', 'approverId': 1}, {'id': 1, 'projectId': 1, 'oldStatus': -1, 'newStatus': 0, 'reason': '创建项目', 'createTime': '2025-12-26T03:20:56', 'approverId': 2}, {'id': 52, 'projectId': 1, 'oldStatus': 5, 'newStatus': 5, 'reason': '经过讨论决定', 'createTime': '2026-01-07T09:05:27', 'approverId': 1}, {'id': 61, 'projectId': 1, 'oldStatus': 5, 'newStatus': 5, 'reason': '经过讨论决定', 'createTime': '2026-01-07T09:07:17', 'approverId': 1}]}}
2026-04-07 17:41:57 - INFO - 所有断言通过
2026-04-07 17:41:57 - INFO - ===============================================获取项目日志列表-正常场景-自定义分页参数查询成功================================================
2026-04-07 17:41:57 - INFO - 1.正在发送请求
2026-04-07 17:41:57 - INFO - {'method': 'GET', 'url': '/admin/projectsLogList', 'headers': {}, 'params': {'page': 1, 'size': 10}}
2026-04-07 17:41:57 - INFO - 2.正在断言响应
2026-04-07 17:41:57 - INFO - {'status_code': 200, 'response': {'code': 200, 'msg': 'success', 'data': {'assert': {'eq': {'page': 1, 'pageSize': 10}}, 'list_check': {'records': {'length': 10, 'every_item_required_fields': ['id', 'oldStatus', 'newStatus', 'reason', 'approverId', 'createTime']}}}}}
2026-04-07 17:41:57 - INFO - resp.json: {'code': 200, 'msg': 'success', 'data': {'page': 1, 'pageSize': 10, 'total': 174, 'records': [{'id': 52, 'projectId': 1, 'oldStatus': 5, 'newStatus': 5, 'reason': '经过讨论决定', 'createTime': '2026-01-07T09:05:27', 'approverId': 1}, {'id': 62, 'projectId': 1, 'oldStatus': 5, 'newStatus': 2, 'reason': '超时过期', 'createTime': '2026-01-07T09:07:17', 'approverId': 1}, {'id': 61, 'projectId': 1, 'oldStatus': 5, 'newStatus': 5, 'reason': '经过讨论决定', 'createTime': '2026-01-07T09:07:17', 'approverId': 1}, {'id': 68, 'projectId': 1, 'oldStatus': 5, 'newStatus': 5, 'reason': '经过讨论决定', 'createTime': '2026-01-07T09:28:43', 'approverId': 1}, {'id': 1, 'projectId': 1, 'oldStatus': -1, 'newStatus': 0, 'reason': '创建项目', 'createTime': '2025-12-26T03:20:56', 'approverId': 2}, {'id': 21, 'projectId': 1, 'oldStatus': 3, 'newStatus': 2, 'reason': '超时过期', 'createTime': '2026-01-04T09:59:26', 'approverId': 1}, {'id': 55, 'projectId': 1, 'oldStatus': 5, 'newStatus': 2, 'reason': '超时过期', 'createTime': '2026-01-07T09:05:30', 'approverId': 1}, {'id': 3, 'projectId': 1, 'oldStatus': 0, 'newStatus': 3, 'reason': '审批通过', 'createTime': '2025-12-26T03:37:29', 'approverId': 1}, {'id': 53, 'projectId': 1, 'oldStatus': 5, 'newStatus': 2, 'reason': '超时过期', 'createTime': '2026-01-07T09:05:27', 'approverId': 1}, {'id': 54, 'projectId': 1, 'oldStatus': 5, 'newStatus': 5, 'reason': '经过讨论决定', 'createTime': '2026-01-07T09:05:30', 'approverId': 1}]}}
2026-04-07 17:41:57 - INFO - 所有断言通过
2026-04-07 17:41:57 - INFO - =================================================获取项目日志列表-异常场景-未登录访问被拒绝=================================================
2026-04-07 17:41:57 - INFO - 1.正在发送请求
2026-04-07 17:41:57 - INFO - {'method': 'GET', 'url': '/admin/projectsLogList', 'headers': {'Token': ''}, 'params': {}}
2026-04-07 17:41:58 - INFO - 2.正在断言响应
2026-04-07 17:41:58 - INFO - {'status_code': 401}
2026-04-07 17:41:58 - INFO - resp.json: {}
2026-04-07 17:41:58 - INFO - 所有断言通过
2026-04-07 17:41:58 - INFO - ==============================================获取项目日志列表-边界场景-最小页码值（page=0）===============================================
2026-04-07 17:41:58 - INFO - 1.正在发送请求
2026-04-07 17:41:58 - INFO - {'method': 'GET', 'url': '/admin/projectsLogList', 'headers': {}, 'params': {'page': 0, 'size': 5}}
2026-04-07 17:41:58 - INFO - 2.正在断言响应
2026-04-07 17:41:58 - INFO - {'status_code': 200, 'response': {'code': 200, 'data': {'list_check': {'records': {'every_item_required_fields': ['id', 'oldStatus', 'newStatus', 'reason', 'approverId', 'createTime']}}}}}
2026-04-07 17:41:58 - INFO - resp.json: {'code': 200, 'msg': 'success', 'data': {'page': 0, 'pageSize': 5, 'total': 174, 'records': []}}
2026-04-07 17:41:58 - INFO - 所有断言通过
2026-04-07 17:41:58 - INFO - =============================================获取项目日志列表-边界场景-最大每页条数（size=100）=============================================
2026-04-07 17:41:58 - INFO - 1.正在发送请求
2026-04-07 17:41:58 - INFO - {'method': 'GET', 'url': '/admin/projectsLogList', 'headers': {}, 'params': {'page': 1, 'size': 100}}
2026-04-07 17:41:58 - INFO - 2.正在断言响应
2026-04-07 17:41:58 - INFO - {'status_code': 200, 'response': {'code': 200, 'data': {'assert': {'type': {'pageSize': 'int'}, 'eq': {'page': 1}}, 'list_check': {'records': {'every_item_required_fields': ['id', 'oldStatus', 'newStatus', 'reason', 'approverId', 'createTime']}}}}}
2026-04-07 17:41:58 - INFO - resp.json: {'code': 200, 'msg': 'success', 'data': {'page': 1, 'pageSize': 100, 'total': 174, 'records': [{'id': 1, 'projectId': 1, 'oldStatus': -1, 'newStatus': 0, 'reason': '创建项目', 'createTime': '2025-12-26T03:20:56', 'approverId': 2}, {'id': 3, 'projectId': 1, 'oldStatus': 0, 'newStatus': 3, 'reason': '审批通过', 'createTime': '2025-12-26T03:37:29', 'approverId': 1}, {'id': 21, 'projectId': 1, 'oldStatus': 3, 'newStatus': 2, 'reason': '超时过期', 'createTime': '2026-01-04T09:59:26', 'approverId': 1}, {'id': 52, 'projectId': 1, 'oldStatus': 5, 'newStatus': 5, 'reason': '经过讨论决定', 'createTime': '2026-01-07T09:05:27', 'approverId': 1}, {'id': 53, 'projectId': 1, 'oldStatus': 5, 'newStatus': 2, 'reason': '超时过期', 'createTime': '2026-01-07T09:05:27', 'approverId': 1}, {'id': 54, 'projectId': 1, 'oldStatus': 5, 'newStatus': 5, 'reason': '经过讨论决定', 'createTime': '2026-01-07T09:05:30', 'approverId': 1}, {'id': 55, 'projectId': 1, 'oldStatus': 5, 'newStatus': 2, 'reason': '超时过期', 'createTime': '2026-01-07T09:05:30', 'approverId': 1}, {'id': 61, 'projectId': 1, 'oldStatus': 5, 'newStatus': 5, 'reason': '经过讨论决定', 'createTime': '2026-01-07T09:07:17', 'approverId': 1}, {'id': 62, 'projectId': 1, 'oldStatus': 5, 'newStatus': 2, 'reason': '超时过期', 'createTime': '2026-01-07T09:07:17', 'approverId': 1}, {'id': 68, 'projectId': 1, 'oldStatus': 5, 'newStatus': 5, 'reason': '经过讨论决定', 'createTime': '2026-01-07T09:28:43', 'approverId': 1}, {'id': 2, 'projectId': 2, 'oldStatus': -1, 'newStatus': 0, 'reason': '创建项目', 'createTime': '2025-12-26T03:21:12', 'approverId': 2}, {'id': 4, 'projectId': 2, 'oldStatus': 0, 'newStatus': 1, 'reason': '没钱', 'createTime': '2025-12-26T03:37:34', 'approverId': 1}, {'id': 20, 'projectId': 2, 'oldStatus': 1, 'newStatus': 2, 'reason': '超时过期', 'createTime': '2026-01-04T09:59:26', 'approverId': 1}, {'id': 56, 'projectId': 2, 'oldStatus': 5, 'newStatus': 5, 'reason': '经过讨论决定', 'createTime': '2026-01-07T09:05:35', 'approverId': 1}, {'id': 57, 'projectId': 2, 'oldStatus': 5, 'newStatus': 2, 'reason': '超时过期', 'createTime': '2026-01-07T09:05:35', 'approverId': 1}, {'id': 58, 'projectId': 2, 'oldStatus': 5, 'newStatus': 5, 'reason': '经过讨论决定', 'createTime': '2026-01-07T09:05:37', 'approverId': 1}, {'id': 59, 'projectId': 2, 'oldStatus': 5, 'newStatus': 2, 'reason': '超时过期', 'createTime': '2026-01-07T09:05:37', 'approverId': 1}, {'id': 5, 'projectId': 3, 'oldStatus': -1, 'newStatus': 0, 'reason': '创建项目', 'createTime': '2025-12-26T04:48:05', 'approverId': 2}, {'id': 6, 'projectId': 3, 'oldStatus': 0, 'newStatus': 3, 'reason': '审批通过', 'createTime': '2025-12-26T04:48:12', 'approverId': 1}, {'id': 7, 'projectId': 3, 'oldStatus': 4, 'newStatus': 4, 'reason': '经过讨论决定', 'createTime': '2025-12-26T04:48:19', 'approverId': 1}, {'id': 24, 'projectId': 3, 'oldStatus': 4, 'newStatus': 2, 'reason': '超时过期', 'createTime': '2026-01-04T09:59:26', 'approverId': 1}, {'id': 8, 'projectId': 4, 'oldStatus': -1, 'newStatus': 0, 'reason': '创建项目', 'createTime': '2025-12-26T06:44:23', 'approverId': 3}, {'id': 11, 'projectId': 4, 'oldStatus': 0, 'newStatus': 3, 'reason': '审批通过', 'createTime': '2025-12-26T06:45:42', 'approverId': 1}, {'id': 22, 'projectId': 4, 'oldStatus': 3, 'newStatus': 2, 'reason': '超时过期', 'createTime': '2026-01-04T09:59:26', 'approverId': 1}, {'id': 9, 'projectId': 5, 'oldStatus': -1, 'newStatus': 0, 'reason': '创建项目', 'createTime': '2025-12-26T06:45:09', 'approverId': 3}, {'id': 16, 'projectId': 5, 'oldStatus': 0, 'newStatus': 3, 'reason': '审批通过', 'createTime': '2025-12-26T07:36:06', 'approverId': 1}, {'id': 17, 'projectId': 5, 'oldStatus': 4, 'newStatus': 4, 'reason': '经过讨论决定', 'createTime': '2025-12-26T08:11:33', 'approverId': 1}, {'id': 25, 'projectId': 5, 'oldStatus': 4, 'newStatus': 2, 'reason': '超时过期', 'createTime': '2026-01-04T09:59:26', 'approverId': 1}, {'id': 10, 'projectId': 6, 'oldStatus': -1, 'newStatus': 0, 'reason': '创建项目', 'createTime': '2025-12-26T06:45:32', 'approverId': 3}, {'id': 12, 'projectId': 6, 'oldStatus': 0, 'newStatus': 3, 'reason': '审批通过', 'createTime': '2025-12-26T06:45:45', 'approverId': 1}, {'id': 13, 'projectId': 6, 'oldStatus': 3, 'newStatus': 2, 'reason': '超时过期', 'createTime': '2025-12-26T07:13:06', 'approverId': 1}, {'id': 63, 'projectId': 6, 'oldStatus': 5, 'newStatus': 5, 'reason': '经过讨论决定', 'createTime': '2026-01-07T09:14:55', 'approverId': 1}, {'id': 64, 'projectId': 6, 'oldStatus': 5, 'newStatus': 2, 'reason': '超时过期', 'createTime': '2026-01-07T09:14:55', 'approverId': 1}, {'id': 65, 'projectId': 6, 'oldStatus': 5, 'newStatus': 5, 'reason': '经过讨论决定', 'createTime': '2026-01-07T09:15:23', 'approverId': 1}, {'id': 66, 'projectId': 6, 'oldStatus': 5, 'newStatus': 2, 'reason': '超时过期', 'createTime': '2026-01-07T09:15:24', 'approverId': 1}, {'id': 67, 'projectId': 6, 'oldStatus': 5, 'newStatus': 5, 'reason': '经过讨论决定', 'createTime': '2026-01-07T09:19:24', 'approverId': 1}, {'id': 14, 'projectId': 7, 'oldStatus': -1, 'newStatus': 0, 'reason': '创建项目', 'createTime': '2025-12-26T07:33:09', 'approverId': 3}, {'id': 18, 'projectId': 7, 'oldStatus': 0, 'newStatus': 3, 'reason': '审批通过', 'createTime': '2025-12-26T09:31:10', 'approverId': 1}, {'id': 23, 'projectId': 7, 'oldStatus': 3, 'newStatus': 2, 'reason': '超时过期', 'createTime': '2026-01-04T09:59:26', 'approverId': 1}, {'id': 15, 'projectId': 8, 'oldStatus': -1, 'newStatus': 0, 'reason': '创建项目', 'createTime': '2025-12-26T07:33:31', 'approverId': 3}, {'id': 19, 'projectId': 8, 'oldStatus': 0, 'newStatus': 2, 'reason': '超时过期', 'createTime': '2026-01-04T09:59:26', 'approverId': 1}, {'id': 26, 'projectId': 9, 'oldStatus': -1, 'newStatus': 0, 'reason': '创建项目', 'createTime': '2026-01-04T10:36:59', 'approverId': 2}, {'id': 27, 'projectId': 9, 'oldStatus': 0, 'newStatus': 3, 'reason': '审批通过', 'createTime': '2026-01-04T10:48:33', 'approverId': 2}, {'id': 75, 'projectId': 9, 'oldStatus': 3, 'newStatus': 2, 'reason': '超时过期', 'createTime': '2026-02-19T17:07:41', 'approverId': 1}, {'id': 28, 'projectId': 10, 'oldStatus': -1, 'newStatus': 0, 'reason': '创建项目', 'createTime': '2026-01-04T11:52:58', 'approverId': 2}, {'id': 76, 'projectId': 10, 'oldStatus': 0, 'newStatus': 2, 'reason': '超时过期', 'createTime': '2026-02-19T17:07:41', 'approverId': 1}, {'id': 29, 'projectId': 11, 'oldStatus': -1, 'newStatus': 0, 'reason': '创建项目', 'createTime': '2026-01-07T08:53:51', 'approverId': 2}, {'id': 77, 'projectId': 11, 'oldStatus': 0, 'newStatus': 2, 'reason': '超时过期', 'createTime': '2026-02-19T17:07:41', 'approverId': 1}, {'id': 30, 'projectId': 12, 'oldStatus': -1, 'newStatus': 0, 'reason': '创建项目', 'createTime': '2026-01-07T08:54:18', 'approverId': 2}, {'id': 136, 'projectId': 12, 'oldStatus': 0, 'newStatus': 2, 'reason': '超时过期', 'createTime': '2026-04-07T17:41:56', 'approverId': 1}, {'id': 31, 'projectId': 13, 'oldStatus': -1, 'newStatus': 0, 'reason': '创建项目', 'createTime': '2026-01-07T08:54:36', 'approverId': 2}, {'id': 49, 'projectId': 13, 'oldStatus': 0, 'newStatus': 1, 'reason': '不好', 'createTime': '2026-01-07T09:03:37', 'approverId': 1}, {'id': 32, 'projectId': 14, 'oldStatus': -1, 'newStatus': 0, 'reason': '创建项目', 'createTime': '2026-01-07T08:55:04', 'approverId': 2}, {'id': 50, 'projectId': 14, 'oldStatus': 0, 'newStatus': 3, 'reason': '审批通过', 'createTime': '2026-01-07T09:03:43', 'approverId': 1}, {'id': 33, 'projectId': 15, 'oldStatus': -1, 'newStatus': 0, 'reason': '创建项目', 'createTime': '2026-01-07T08:55:36', 'approverId': 2}, {'id': 70, 'projectId': 15, 'oldStatus': 0, 'newStatus': 3, 'reason': '审批通过', 'createTime': '2026-01-07T09:50:52', 'approverId': 1}, {'id': 34, 'projectId': 16, 'oldStatus': -1, 'newStatus': 0, 'reason': '创建项目', 'createTime': '2026-01-07T08:55:57', 'approverId': 2}, {'id': 51, 'projectId': 16, 'oldStatus': 0, 'newStatus': 3, 'reason': '审批通过', 'createTime': '2026-01-07T09:04:01', 'approverId': 1}, {'id': 60, 'projectId': 16, 'oldStatus': 4, 'newStatus': 4, 'reason': '经过讨论决定', 'createTime': '2026-01-07T09:06:14', 'approverId': 1}, {'id': 35, 'projectId': 17, 'oldStatus': -1, 'newStatus': 0, 'reason': '创建项目', 'createTime': '2026-01-07T08:56:13', 'approverId': 2}, {'id': 36, 'projectId': 18, 'oldStatus': -1, 'newStatus': 0, 'reason': '创建项目', 'createTime': '2026-01-07T08:56:39', 'approverId': 2}, {'id': 37, 'projectId': 19, 'oldStatus': -1, 'newStatus': 0, 'reason': '创建项目', 'createTime': '2026-01-07T08:57:28', 'approverId': 2}, {'id': 38, 'projectId': 20, 'oldStatus': -1, 'newStatus': 0, 'reason': '创建项目', 'createTime': '2026-01-07T08:58:08', 'approverId': 2}, {'id': 39, 'projectId': 21, 'oldStatus': -1, 'newStatus': 0, 'reason': '创建项目', 'createTime': '2026-01-07T08:58:29', 'approverId': 2}, {'id': 78, 'projectId': 21, 'oldStatus': 0, 'newStatus': 2, 'reason': '超时过期', 'createTime': '2026-02-19T17:07:41', 'approverId': 1}, {'id': 40, 'projectId': 22, 'oldStatus': -1, 'newStatus': 0, 'reason': '创建项目', 'createTime': '2026-01-07T08:58:59', 'approverId': 2}, {'id': 41, 'projectId': 23, 'oldStatus': -1, 'newStatus': 0, 'reason': '创建项目', 'createTime': '2026-01-07T08:59:19', 'approverId': 2}, {'id': 71, 'projectId': 23, 'oldStatus': 0, 'newStatus': 3, 'reason': '审批通过', 'createTime': '2026-01-07T09:50:55', 'approverId': 1}, {'id': 42, 'projectId': 24, 'oldStatus': -1, 'newStatus': 0, 'reason': '创建项目', 'createTime': '2026-01-07T08:59:38', 'approverId': 2}, {'id': 79, 'projectId': 24, 'oldStatus': 0, 'newStatus': 2, 'reason': '超时过期', 'createTime': '2026-02-19T17:07:41', 'approverId': 1}, {'id': 43, 'projectId': 25, 'oldStatus': -1, 'newStatus': 0, 'reason': '创建项目', 'createTime': '2026-01-07T08:59:56', 'approverId': 2}, {'id': 80, 'projectId': 25, 'oldStatus': 0, 'newStatus': 2, 'reason': '超时过期', 'createTime': '2026-02-19T17:07:41', 'approverId': 1}, {'id': 44, 'projectId': 26, 'oldStatus': -1, 'newStatus': 0, 'reason': '创建项目', 'createTime': '2026-01-07T09:00:36', 'approverId': 2}, {'id': 81, 'projectId': 26, 'oldStatus': 0, 'newStatus': 2, 'reason': '超时过期', 'createTime': '2026-02-19T17:07:41', 'approverId': 1}, {'id': 45, 'projectId': 27, 'oldStatus': -1, 'newStatus': 0, 'reason': '创建项目', 'createTime': '2026-01-07T09:00:51', 'approverId': 2}, {'id': 46, 'projectId': 28, 'oldStatus': -1, 'newStatus': 0, 'reason': '创建项目', 'createTime': '2026-01-07T09:01:12', 'approverId': 2}, {'id': 47, 'projectId': 29, 'oldStatus': -1, 'newStatus': 0, 'reason': '创建项目', 'createTime': '2026-01-07T09:01:37', 'approverId': 2}, {'id': 48, 'projectId': 30, 'oldStatus': -1, 'newStatus': 0, 'reason': '创建项目', 'createTime': '2026-01-07T09:02:03', 'approverId': 2}, {'id': 69, 'projectId': 31, 'oldStatus': -1, 'newStatus': 0, 'reason': '创建项目', 'createTime': '2026-01-07T09:50:29', 'approverId': 2}, {'id': 72, 'projectId': 32, 'oldStatus': -1, 'newStatus': 0, 'reason': '创建项目', 'createTime': '2026-01-07T12:27:59', 'approverId': 9}, {'id': 82, 'projectId': 32, 'oldStatus': 0, 'newStatus': 2, 'reason': '超时过期', 'createTime': '2026-02-19T17:07:41', 'approverId': 1}, {'id': 73, 'projectId': 33, 'oldStatus': -1, 'newStatus': 0, 'reason': '创建项目', 'createTime': '2026-01-07T12:28:45', 'approverId': 9}, {'id': 83, 'projectId': 33, 'oldStatus': 0, 'newStatus': 2, 'reason': '超时过期', 'createTime': '2026-02-19T17:07:41', 'approverId': 1}, {'id': 74, 'projectId': 34, 'oldStatus': -1, 'newStatus': 0, 'reason': '创建项目', 'createTime': '2026-01-07T13:37:35', 'approverId': 2}, {'id': 84, 'projectId': 34, 'oldStatus': 0, 'newStatus': 2, 'reason': '超时过期', 'createTime': '2026-02-19T17:07:41', 'approverId': 1}, {'id': 85, 'projectId': 35, 'oldStatus': -1, 'newStatus': 0, 'reason': '创建项目', 'createTime': '2026-02-20T16:59:40', 'approverId': 2}, {'id': 137, 'projectId': 35, 'oldStatus': 0, 'newStatus': 2, 'reason': '超时过期', 'createTime': '2026-04-07T17:41:56', 'approverId': 1}, {'id': 86, 'projectId': 36, 'oldStatus': -1, 'newStatus': 0, 'reason': '创建项目', 'createTime': '2026-02-20T17:04:33', 'approverId': 2}, {'id': 138, 'projectId': 36, 'oldStatus': 0, 'newStatus': 2, 'reason': '超时过期', 'createTime': '2026-04-07T17:41:56', 'approverId': 1}, {'id': 87, 'projectId': 37, 'oldStatus': -1, 'newStatus': 0, 'reason': '创建项目', 'createTime': '2026-02-20T17:12:12', 'approverId': 2}, {'id': 139, 'projectId': 37, 'oldStatus': 0, 'newStatus': 2, 'reason': '超时过期', 'createTime': '2026-04-07T17:41:56', 'approverId': 1}, {'id': 88, 'projectId': 38, 'oldStatus': -1, 'newStatus': 0, 'reason': '创建项目', 'createTime': '2026-02-20T17:12:12', 'approverId': 2}, {'id': 89, 'projectId': 39, 'oldStatus': -1, 'newStatus': 0, 'reason': '创建项目', 'createTime': '2026-02-20T17:12:13', 'approverId': 2}, {'id': 140, 'projectId': 39, 'oldStatus': 0, 'newStatus': 2, 'reason': '超时过期', 'createTime': '2026-04-07T17:41:56', 'approverId': 1}, {'id': 90, 'projectId': 40, 'oldStatus': -1, 'newStatus': 0, 'reason': '创建项目', 'createTime': '2026-02-20T17:12:13', 'approverId': 2}, {'id': 141, 'projectId': 40, 'oldStatus': 0, 'newStatus': 2, 'reason': '超时过期', 'createTime': '2026-04-07T17:41:56', 'approverId': 1}, {'id': 91, 'projectId': 41, 'oldStatus': -1, 'newStatus': 0, 'reason': '创建项目', 'createTime': '2026-02-20T17:12:13', 'approverId': 2}, {'id': 142, 'projectId': 41, 'oldStatus': 0, 'newStatus': 2, 'reason': '超时过期', 'createTime': '2026-04-07T17:41:56', 'approverId': 1}, {'id': 92, 'projectId': 42, 'oldStatus': -1, 'newStatus': 0, 'reason': '创建项目', 'createTime': '2026-02-20T17:12:13', 'approverId': 2}, {'id': 143, 'projectId': 42, 'oldStatus': 0, 'newStatus': 2, 'reason': '超时过期', 'createTime': '2026-04-07T17:41:56', 'approverId': 1}]}}
2026-04-07 17:41:58 - INFO - 所有断言通过
2026-04-07 17:41:58 - INFO - ===================================================获取工作类型列表-正常场景-请求成功===================================================
2026-04-07 17:41:58 - INFO - 1.正在发送请求
2026-04-07 17:41:58 - INFO - {'method': 'GET', 'url': '/admin/work', 'headers': {}, 'params': {}, 'json': {}}
2026-04-07 17:41:58 - INFO - 2.正在断言响应
2026-04-07 17:41:58 - INFO - {'status_code': 200, 'response': {'code': 200, 'msg': 'success', 'data': {'required_fields': ['projectsRecords', 'fundsRecords', 'projectsOverTime']}}}
2026-04-07 17:41:58 - INFO - resp.json: {'code': 200, 'msg': 'success', 'data': {'projectsRecords': 15, 'fundsRecords': 11, 'projectsOverTime': 59}}
2026-04-07 17:41:58 - INFO - 所有断言通过
2026-04-07 17:41:58 - INFO - ===============================================获取工作类型列表-异常场景-未携带Token认证信息===============================================
2026-04-07 17:41:58 - INFO - 1.正在发送请求
2026-04-07 17:41:58 - INFO - {'method': 'GET', 'url': '/admin/work', 'headers': {'Token': ''}, 'params': {}, 'json': {}}
2026-04-07 17:41:59 - INFO - 2.正在断言响应
2026-04-07 17:41:59 - INFO - {'status_code': 401}
2026-04-07 17:41:59 - INFO - resp.json: {}
2026-04-07 17:41:59 - INFO - 所有断言通过
2026-04-07 17:41:59 - INFO - ==============================================条件查询项目-正常场景-携带有效查询参数成功返回项目列表==============================================
2026-04-07 17:41:59 - INFO - 1.正在发送请求
2026-04-07 17:41:59 - INFO - {'method': 'GET', 'url': '/project/getAllProjectsByCondition', 'params': {'page': 1, 'size': 5, 'projectId': '', 'applicant': '小'}, 'headers': None}
2026-04-07 17:41:59 - INFO - 2.正在断言响应
2026-04-07 17:41:59 - INFO - {'status_code': 200, 'response': {'code': 200, 'msg': 'success', 'data': {'required_fields': ['records'], 'list_check': {'records': {'object_required_items': ['id', 'projectName', 'projectType', 'applicant', 'applicantId', 'funds', 'remainingFunds', 'content', 'startTime']}}}}}
2026-04-07 17:41:59 - INFO - resp.json: {'code': 200, 'msg': 'success', 'data': {'page': 1, 'pageSize': 5, 'total': 56, 'records': [{'id': 6, 'projectName': '项目12', 'projectType': '纵向项目', 'applicant': '小白', 'applicantId': 3, 'funds': 324432.0, 'remainingFunds': 324432.0, 'content': 'https://inventropy.oss-cn-hangzhou.aliyuncs.com/2025/12/项目12.docx', 'startTime': '2024-12-26T14:45:33', 'deadline': '2025-01-29T00:00:00', 'updateTime': '2026-01-07T09:19:24', 'status': 5, 'reason': '暂未审批'}, {'id': 1, 'projectName': '通过', 'projectType': '纵向项目', 'applicant': '小明', 'applicantId': 2, 'funds': 10000.0, 'remainingFunds': 5000.0, 'content': 'https://inventropy.oss-cn-hangzhou.aliyuncs.com/2025/12/项目1.docx', 'startTime': '2025-12-26T11:20:56', 'deadline': '2026-01-01T00:00:00', 'updateTime': '2026-01-07T09:28:43', 'status': 5, 'reason': '暂未审批'}, {'id': 2, 'projectName': '不通过', 'projectType': '横向项目', 'applicant': '小明', 'applicantId': 2, 'funds': 9999999.0, 'remainingFunds': 9999999.0, 'content': 'https://inventropy.oss-cn-hangzhou.aliyuncs.com/2025/12/项目2.docx', 'startTime': '2025-12-26T11:21:12', 'deadline': '2025-12-29T00:00:00', 'updateTime': '2026-01-07T09:05:37', 'status': 2, 'reason': '没钱'}, {'id': 3, 'projectName': '速通', 'projectType': '横向项目', 'applicant': '小明', 'applicantId': 2, 'funds': 100.0, 'remainingFunds': 100.0, 'content': 'https://inventropy.oss-cn-hangzhou.aliyuncs.com/2025/12/项目3.docx', 'startTime': '2025-12-26T12:48:05', 'deadline': '2025-12-27T00:00:00', 'updateTime': '2026-01-04T09:59:26', 'status': 2, 'reason': '暂未审批'}, {'id': 4, 'projectName': '我白学了吗', 'projectType': '校内项目', 'applicant': '小白', 'applicantId': 3, 'funds': 799484.0, 'remainingFunds': 794859.0, 'content': 'https://inventropy.oss-cn-hangzhou.aliyuncs.com/2025/12/项目4.docx', 'startTime': '2025-12-26T14:44:23', 'deadline': '2026-01-01T00:00:00', 'updateTime': '2026-02-20T14:32:45', 'status': 2, 'reason': '暂未审批'}]}}
2026-04-07 17:41:59 - INFO - 所有断言通过
2026-04-07 17:41:59 - INFO - ===================================================新增账号-正常场景-创建新账号成功====================================================
2026-04-07 17:41:59 - INFO - 1.正在发送请求
2026-04-07 17:41:59 - INFO - {'method': 'POST', 'url': '/admin/addAccount', 'headers': {'Content-Type': 'application/json'}, 'json': {'age': 32, 'college': '计算机学院', 'name': 'test_NkrkGE', 'gender': 'M', 'phone': '13800138000'}}
2026-04-07 17:41:59 - INFO - 2.正在断言响应
2026-04-07 17:41:59 - INFO - {'status_code': 200, 'response': {'code': 200, 'msg': 'success', 'data': None}}
2026-04-07 17:41:59 - INFO - resp.json: {'code': 400, 'msg': '该账户已存在', 'data': None}
2026-04-07 17:41:59 - ERROR - 共 2 个断言失败:
  - 响应字段: 期望 code=200, 实际 400
  - 响应字段: 期望 msg='success', 实际 '该账户已存在'
2026-04-07 17:41:59 - INFO - ===================================================新增账号-异常场景-缺少用户名参数====================================================
2026-04-07 17:41:59 - INFO - 1.正在发送请求
2026-04-07 17:41:59 - INFO - {'method': 'POST', 'url': '/admin/addAccount', 'headers': {'Content-Type': 'application/json'}, 'json': {'age': 32, 'college': '计算机学院', 'gender': 'M', 'phone': '13800138003'}}
2026-04-07 17:41:59 - INFO - 2.正在断言响应
2026-04-07 17:41:59 - INFO - {'status_code': 200, 'response': {'code': 400, 'msg': '添加失败', 'data': None}}
2026-04-07 17:41:59 - INFO - resp.json: {'code': 400, 'msg': '该账户已存在', 'data': None}
2026-04-07 17:41:59 - ERROR - 共 1 个断言失败:
  - 响应字段: 期望 msg='添加失败', 实际 '该账户已存在'
2026-04-07 17:41:59 - INFO - ====================================================新增账号-异常场景-缺少密码参数====================================================
2026-04-07 17:41:59 - INFO - 1.正在发送请求
2026-04-07 17:41:59 - INFO - {'method': 'POST', 'url': '/admin/addAccount', 'headers': {'Content-Type': 'application/json'}, 'json': {'age': 32, 'college': '计算机学院', 'name': 'test_qv9UWR', 'gender': 'M'}}
2026-04-07 17:42:00 - INFO - 2.正在断言响应
2026-04-07 17:42:00 - INFO - {'status_code': 200, 'response': {'code': 400, 'msg': '出错啦~', 'data': None}}
2026-04-07 17:42:00 - INFO - resp.json: {'code': 400, 'msg': '该账户已存在', 'data': None}
2026-04-07 17:42:00 - ERROR - 共 1 个断言失败:
  - 响应字段: 期望 msg='出错啦~', 实际 '该账户已存在'
2026-04-07 17:42:00 - INFO - ====================================================新增账号-异常场景-用户名重复=====================================================
2026-04-07 17:42:00 - INFO - 1.正在发送请求
2026-04-07 17:42:00 - INFO - {'method': 'POST', 'url': '/admin/addAccount', 'headers': {'Content-Type': 'application/json'}, 'json': {'age': 32, 'college': '计算机学院', 'name': 'test_ckMM8n', 'gender': 'M', 'phone': '13312341234'}}
2026-04-07 17:42:00 - INFO - 2.正在断言响应
2026-04-07 17:42:00 - INFO - {'status_code': 200, 'response': {'code': 400, 'msg': '该账户已存在', 'data': None}}
2026-04-07 17:42:00 - INFO - resp.json: {'code': 400, 'msg': '该账户已存在', 'data': None}
2026-04-07 17:42:00 - INFO - 所有断言通过
2026-04-07 17:42:00 - INFO - ======================================================获取登录公钥接口测试用例======================================================
2026-04-07 17:42:00 - INFO - 1.正在发送请求
2026-04-07 17:42:00 - INFO - {'method': 'GET', 'url': '/login/auth/publicKey', 'headers': {}, 'params': {}, 'json': {}}
2026-04-07 17:42:00 - INFO - 2.正在断言响应
2026-04-07 17:42:00 - INFO - {'status_code': 200, 'response': {'code': 200, 'msg': 'success', 'data': {'required_fields': ['publicKey', 'timestamp', 'algorithm'], 'algorithm': 'RSA'}}}
2026-04-07 17:42:00 - INFO - resp.json: {'code': 200, 'msg': 'success', 'data': {'publicKey': 'MIIBIjANBgkqhkiG9w0BAQEFAAOCAQ8AMIIBCgKCAQEArt5E8LEGg3ynbYZ9r8sKNqX4NhzJr/uwVIKLYzeRejTrjof4RW5eOoOAKBEAg5yhsGjO+dNbCDOV9mCAfKYfa9ktpaxBkciIbGfV+GWBm5MCGeWizye6zhaNtH6ZsF+MrJLVdL7K4t/RHsdPH6Q7PF+c8lfp0qp0/WvMC5cGajeAq8gcMuzkh53rQQEtuoApqVCzvtLmyAT0Gx+Ov32cuenmvz1NzsZbvvNdTEj2QpP/fDhfAKbcGpBz6CjatT5viwX0n+afAWqh40JsnLZCyH3SnlOO+DpDz9ba4bgU2SmM29Q1ATzVkp2rmF+kbjZLEpfkhqFncBRijD2gr0FE7wIDAQAB', 'algorithm': 'RSA', 'timestamp': '1775554920356'}}
2026-04-07 17:42:00 - INFO - 所有断言通过
2026-04-07 17:42:00 - INFO - 3.正在提取变量
2026-04-07 17:42:00 - INFO - 提取变量成功: publicKey = MIIBIjANBgkqhkiG9w0BAQEFAAOCAQ8AMIIBCgKCAQEArt5E8LEGg3ynbYZ9r8sKNqX4NhzJr/uwVIKLYzeRejTrjof4RW5eOoOAKBEAg5yhsGjO+dNbCDOV9mCAfKYfa9ktpaxBkciIbGfV+GWBm5MCGeWizye6zhaNtH6ZsF+MrJLVdL7K4t/RHsdPH6Q7PF+c8lfp0qp0/WvMC5cGajeAq8gcMuzkh53rQQEtuoApqVCzvtLmyAT0Gx+Ov32cuenmvz1NzsZbvvNdTEj2QpP/fDhfAKbcGpBz6CjatT5viwX0n+afAWqh40JsnLZCyH3SnlOO+DpDz9ba4bgU2SmM29Q1ATzVkp2rmF+kbjZLEpfkhqFncBRijD2gr0FE7wIDAQAB
2026-04-07 17:42:00 - INFO - ==================================================用户登录-正常场景-正确账号密码登录成功==================================================
2026-04-07 17:42:00 - INFO - 1.正在发送请求
2026-04-07 17:42:00 - INFO - {'method': 'POST', 'url': '/login', 'headers': None, 'json': {'username': 'admin', 'password': 'qUaR44jvvHcJQzF9Vz8GOtHqJ5o38pf4WZaEDvwUDxgA37dnGO4rMjxTcvtZqwI+bJdf48D+rY+6NTWn50DphEKiHwEPHDWCBZp1RUwJJnCna9jIXlhbJyXWiBEyqbYrmmKpfdAMgsXxkRlM1wj17JMf8dNI3ejPUAbk2YLVa1NHEh3Dc3SWEiE3V5yP6zrXJeRgmR6kh8LniahKaCVb05Kbr0dxnbmLDFsDRA85NgScG//7vLILTAbA8hIugXrjSX1VpNZtAC9bJr5TEtoIwMsDdROFASdgqjny0K/5ZQPUycRJEgudJ2dIx6FVvLlbmF5VdJhQXPw16DHcJiGvEw==', 'userType': 'admin', 'timestamp': 1775554920508}}
2026-04-07 17:42:00 - INFO - 2.正在断言响应
2026-04-07 17:42:00 - INFO - {'status_code': 200, 'response': {'code': 200, 'msg': 'success', 'data': {'required_fields': ['userType', 'token'], 'assert': {'eq': {'userType': 'admin'}, 'type': {'userType': 'str', 'token': 'str'}}}}}
2026-04-07 17:42:00 - INFO - resp.json: {'code': 200, 'msg': 'success', 'data': {'token': 'eyJhbGciOiJIUzI1NiJ9.eyJpZCI6MSwidXNlclR5cGUiOiJhZG1pbiIsInVzZXJuYW1lIjoiYWRtaW4iLCJleHAiOjE3NzU1OTgxMjB9.2HkrxahuUYsxxOYPDlmlX_Rgk8XqG-Zot-6OhQ32MwQ', 'userType': 'admin'}}
2026-04-07 17:42:00 - INFO - 所有断言通过
2026-04-07 17:42:00 - INFO - 3.正在提取变量
2026-04-07 17:42:00 - INFO - 提取变量成功: login_token = eyJhbGciOiJIUzI1NiJ9.eyJpZCI6MSwidXNlclR5cGUiOiJhZG1pbiIsInVzZXJuYW1lIjoiYWRtaW4iLCJleHAiOjE3NzU1OTgxMjB9.2HkrxahuUYsxxOYPDlmlX_Rgk8XqG-Zot-6OhQ32MwQ
2026-04-07 17:42:00 - INFO - ====================================================用户登录-异常场景-缺少用户名=====================================================
2026-04-07 17:42:00 - INFO - 1.正在发送请求
2026-04-07 17:42:00 - INFO - {'method': 'POST', 'url': '/login', 'headers': None, 'json': {'password': 'CUMIKa+j6ZCRn0LsCAAbp4lB42zLU/yFszMaVjilJBTse7zlAGb1ZZy+GqQ2WOzhLSZ56bsFB8dVP7hlJ5VwHbgRqpBzR0G93DPkBi6N87sU3Adqr5818/gKc/sMVwLdpyvf34WE+ojvMM9kZUvTWXXWL3NwYvgOy+lgsFwr7isEF/8AotCHEf+0wOxd4VRy2uwikaWIxF2MJ4UgBq/Be8BGmE52m2PyOv9RM7PQjR3U7F5jwduENlcFYlSZAYtZXxxbQUcYx5eF4z1R8iNUHCidUDI1p2WF4/RAtwvJMx96gPve5BkPI3Sy03aFX6fLqEGvaWW9azKB4wQSVnhcUQ==', 'userType': 'admin', 'timestamp': 1775554920741}}
2026-04-07 17:42:00 - INFO - 2.正在断言响应
2026-04-07 17:42:00 - INFO - {'status_code': 200, 'response': {'code': 400, 'msg': '用户名或密码错误', 'data': {}}}
2026-04-07 17:42:00 - INFO - resp.json: {'code': 400, 'msg': '用户名或密码错误', 'data': None}
2026-04-07 17:42:00 - INFO - 所有断言通过
2026-04-07 17:42:00 - INFO - =====================================================用户登录-异常场景-缺少密码=====================================================
2026-04-07 17:42:00 - INFO - 1.正在发送请求
2026-04-07 17:42:00 - INFO - {'method': 'POST', 'url': '/login', 'headers': None, 'json': {'username': 'admin', 'userType': 'admin', 'password': 'FeIDJ9JDmSU/We7vGK+JvQWTXhUv3x8Xe9du9nsyB9IEFO8B1qPkSvvKb4aYv0Nnq44sFsRRTEDyF1p+GKjerRy8BjucnJ+7A22fYN77sh4VucyyWvrhvNK0COfAWIABCfrI+uGKQNx2PtoF7bya/WBB9U17KKKj1Jd5sYkatSz7hplPlYExpEAeTzlVxKwNymdZrQ6uAhG3wW0/pmf2vNzNct/SF3pL/qUaj+9YCwnuI+6FHEmpXMfwK/iK45v2AUuOvrCMnO0fTWG24lLa8CtvwaNE3eRdeJhEsaAwZDh+0JDcpTC2Jbho3qg28sieG+K61S8ipfam+H+K94AXvA==', 'timestamp': 1775554920946}}
2026-04-07 17:42:01 - INFO - 2.正在断言响应
2026-04-07 17:42:01 - INFO - {'status_code': 200, 'response': {'code': 400, 'msg': '用户名或密码错误', 'data': {}}}
2026-04-07 17:42:01 - INFO - resp.json: {'code': 400, 'msg': '用户名或密码错误', 'data': None}
2026-04-07 17:42:01 - INFO - 所有断言通过
2026-04-07 17:42:01 - INFO - ====================================================用户登录-异常场景-缺少用户类型====================================================
2026-04-07 17:42:01 - INFO - 1.正在发送请求
2026-04-07 17:42:01 - INFO - {'method': 'POST', 'url': '/login', 'headers': None, 'json': {'username': 'admin', 'password': 'HM0oWVHNf9ORWQbiqCfhhBjmulXjhw7+SyQXHnfGntBPfyB+YUEaKAv29T/9m0O5/vmhSalj3s4Jwsm4+T1aRkdf+6ZRK64jy6+IW5VRgoapEJhWuuETnKdkVR280bC17DtTQgOl6GXBjKx1XQLf0lQ7QB+DCTSthVxe2+36U6dWqP8iHepi2aKlMMFYmwvdCSdHMwQhwMhzwPyIMc+6R7gvIjE/TVntOF1bSLzPmEjKMJzO+T8TosrRxsPAWUrLqRXIU3kyG9X8I7QsGAf7adv82xSi/v+bANc1gUmwtpNh6kuBRuVRUACYV5Wd1ilsz5965p8g8i9kT5jMO6OJTw==', 'timestamp': 1775554921161}}
2026-04-07 17:42:01 - INFO - 2.正在断言响应
2026-04-07 17:42:01 - INFO - {'status_code': 200, 'response': {'code': 400, 'msg': '用户名或密码错误', 'data': {}}}
2026-04-07 17:42:01 - INFO - resp.json: {'code': 400, 'msg': '用户名或密码错误', 'data': None}
2026-04-07 17:42:01 - INFO - 所有断言通过
2026-04-07 17:42:01 - INFO - =====================================================用户登录-异常场景-密码错误=====================================================
2026-04-07 17:42:01 - INFO - 1.正在发送请求
2026-04-07 17:42:01 - INFO - {'method': 'POST', 'url': '/login', 'headers': None, 'json': {'username': 'admin', 'password': 'dUiQmlFXE6ZBjVl+2W6jAKkBJjFmjDK0FklJD74ED4ws3nAyb1WW+BUcbk5nUwWm6sWVx5UdDu8DzVkpCjbjDSjI0Db/JeQ9q2f/1vEP3urN2BgVwo6LRWQvxl+kq3b2b2pz2B9dICVCPGCCj7FV4KS/WPRvj+8lDxYSXpRjTOuq4lT3ebmqZRh7UOHfk+2UeLX3SVFA1onmAhcwpijB5RRDz/foZB2Zb+H5U0WO/ZwlccjQDhGTJPXyRjVdE7kjJVfmheLS2FbMYW7CU1ntQOL9lq450aQp0o/2mMEwo6LWwfwdKM4JwBCPAVsMS6w+mOSqBXoUW0CTkA05dkcuAw==', 'userType': 'admin', 'timestamp': 1775554921369}}
2026-04-07 17:42:01 - INFO - 2.正在断言响应
2026-04-07 17:42:01 - INFO - {'status_code': 200, 'response': {'code': 400, 'msg': '用户名或密码错误', 'data': {}}}
2026-04-07 17:42:01 - INFO - resp.json: {'code': 400, 'msg': '用户名或密码错误', 'data': None}
2026-04-07 17:42:01 - INFO - 所有断言通过
2026-04-07 17:42:01 - INFO - ===================================================用户登录-异常场景-无效的用户类型====================================================
2026-04-07 17:42:01 - INFO - 1.正在发送请求
2026-04-07 17:42:01 - INFO - {'method': 'POST', 'url': '/login', 'headers': None, 'json': {'username': 'admin', 'password': 'rCaf46WO3zRwmAXjKQkqeMoxkaC74uIM+mItZRArAqWaEgzbvrYb80gWO4S0r7SI/8hWP7d6UaN0dGjTafAMHNTz90RzFERaLr1fgXozMUig/zA2VWLYvM2g8YGCFwThEml7JzZlD+cQ0KpdvJEJ3jKYbPhHByxddzhwMBCpQJxd3h6tOtkgF2710sY0uVbpDAO/HhXYeAY3Def2/U/wMiyrcDpMT3t6yhYE2idMlEPHEGyg82LuxC3CXgjeH4GSoxeuP+85L3YBtaI/e9xzYLdikazmwoTmxXibwyRUOcwABjRCcECuUlCXrSqUKmD5FXfOWB/Dr7EBA2ObTk1J2w==', 'userType': 'invalid_type', 'timestamp': 1775554921607}}
2026-04-07 17:42:01 - INFO - 2.正在断言响应
2026-04-07 17:42:01 - INFO - {'status_code': 200, 'response': {'code': 400, 'msg': '用户名或密码错误', 'data': {}}}
2026-04-07 17:42:01 - INFO - resp.json: {'code': 400, 'msg': '用户名或密码错误', 'data': None}
2026-04-07 17:42:01 - INFO - 所有断言通过
2026-04-07 17:42:02 - INFO - ====================================================上传文件-正常场景-文件上传成功====================================================
2026-04-07 17:42:02 - INFO - 1.正在发送请求
2026-04-07 17:42:02 - INFO - {'method': 'POST', 'url': '/upload', 'headers': None, 'files': {'path': 'docx/项目1.docx'}}
2026-04-07 17:42:02 - INFO - 正在处理文件上传，原始文件路径: docx/项目1.docx
2026-04-07 17:42:03 - INFO - 2.正在断言响应
2026-04-07 17:42:03 - INFO - {'status_code': 200, 'response': {'code': 200, 'msg': 'success', 'data': None}}
2026-04-07 17:42:03 - INFO - resp.json: {'code': 200, 'msg': 'success', 'data': 'https://inventropy.oss-cn-hangzhou.aliyuncs.com/2026/04/项目1.docx'}
2026-04-07 17:42:03 - INFO - 所有断言通过
2026-04-07 17:42:03 - INFO - ====================================================上传文件-异常场景-缺少文件参数====================================================
2026-04-07 17:42:03 - INFO - 1.正在发送请求
2026-04-07 17:42:03 - INFO - {'method': 'POST', 'url': '/upload', 'headers': {'Token': ''}}
2026-04-07 17:42:03 - INFO - 2.正在断言响应
2026-04-07 17:42:03 - INFO - {'status_code': 200, 'response': {'code': 400, 'msg': '出错啦~'}}
2026-04-07 17:42:03 - INFO - resp.json: {'code': 400, 'msg': '出错啦~', 'data': None}
2026-04-07 17:42:03 - INFO - 所有断言通过
2026-04-07 17:42:03 - INFO - ================================================获取用户信息-正常场景-已登录用户成功获取信息=================================================
2026-04-07 17:42:03 - INFO - 1.正在发送请求
2026-04-07 17:42:03 - INFO - {'method': 'GET', 'url': '/homes/userInfo', 'headers': None}
2026-04-07 17:42:03 - INFO - 2.正在断言响应
2026-04-07 17:42:03 - INFO - {'status_code': 200, 'response': {'code': 200, 'msg': 'success', 'data': {'required_fields': ['id', 'name', 'gender', 'age', 'phone', 'college', 'passedProjects', 'finishedProjects', 'ingProjects']}}}
2026-04-07 17:42:03 - INFO - resp.json: {'code': 200, 'msg': 'success', 'data': {'id': 2, 'name': '小明', 'gender': 'M', 'age': 33, 'phone': '13312341234', 'college': '信息工程学院', 'passedProjects': 4, 'finishedProjects': 1, 'ingProjects': 3}}
2026-04-07 17:42:03 - INFO - 所有断言通过
2026-04-07 17:42:03 - INFO - ===============================================获取用户信息-异常场景-未携带Token访问被拒绝================================================
2026-04-07 17:42:03 - INFO - 1.正在发送请求
2026-04-07 17:42:03 - INFO - {'method': 'GET', 'url': '/homes/userInfo', 'headers': {'Token': ''}}
2026-04-07 17:42:04 - INFO - 2.正在断言响应
2026-04-07 17:42:04 - INFO - {'status_code': 401}
2026-04-07 17:42:04 - INFO - resp.json: {}
2026-04-07 17:42:04 - INFO - 所有断言通过
2026-04-07 17:42:04 - INFO - ================================================获取进行中项目-正常场景-成功返回进行中项目列表================================================
2026-04-07 17:42:04 - INFO - 1.正在发送请求
2026-04-07 17:42:04 - INFO - {'method': 'GET', 'url': '/homes/userIngProjects', 'headers': None}
2026-04-07 17:42:04 - INFO - 2.正在断言响应
2026-04-07 17:42:04 - INFO - {'status_code': 200, 'response': {'code': 200, 'msg': 'success', 'data': {'list_data': {'object_required_items': ['id', 'projectName', 'projectType', 'applicant', 'funds', 'remainingFunds', 'status']}}}}
2026-04-07 17:42:04 - INFO - resp.json: {'code': 200, 'msg': 'success', 'data': [{'id': 14, 'projectName': '项目3', 'projectType': '校内项目', 'applicant': '小明', 'applicantId': 2, 'funds': 43500.0, 'remainingFunds': 43500.0, 'content': 'https://inventropy.oss-cn-hangzhou.aliyuncs.com/2026/01/项目3.docx', 'startTime': '2026-01-07T16:55:05', 'deadline': '2028-01-01T00:00:00', 'updateTime': '2026-01-07T09:03:43', 'status': 3, 'reason': '暂未审批'}, {'id': 15, 'projectName': '项目4', 'projectType': '校内项目', 'applicant': '小明', 'applicantId': 2, 'funds': 4324.0, 'remainingFunds': 4324.0, 'content': 'https://inventropy.oss-cn-hangzhou.aliyuncs.com/2026/01/项目4.docx', 'startTime': '2026-01-07T16:55:36', 'deadline': '2026-05-22T00:00:00', 'updateTime': '2026-01-07T09:50:52', 'status': 3, 'reason': '暂未审批'}, {'id': 23, 'projectName': '项目12', 'projectType': '校内项目', 'applicant': '小明', 'applicantId': 2, 'funds': 213123.0, 'remainingFunds': 213123.0, 'content': 'https://inventropy.oss-cn-hangzhou.aliyuncs.com/2026/01/项目12.docx', 'startTime': '2026-01-07T16:59:19', 'deadline': '2027-03-19T00:00:00', 'updateTime': '2026-01-07T09:50:55', 'status': 3, 'reason': '暂未审批'}]}
2026-04-07 17:42:04 - INFO - 所有断言通过
2026-04-07 17:42:04 - INFO - ================================================获取进行中项目-异常场景-未登录访问返回401=================================================
2026-04-07 17:42:04 - INFO - 1.正在发送请求
2026-04-07 17:42:04 - INFO - {'method': 'GET', 'url': '/homes/userIngProjects', 'headers': {'Token': ''}}
2026-04-07 17:42:04 - INFO - 2.正在断言响应
2026-04-07 17:42:04 - INFO - {'status_code': 401}
2026-04-07 17:42:04 - INFO - resp.json: {}
2026-04-07 17:42:04 - INFO - 所有断言通过
2026-04-07 17:42:04 - INFO - ================================================获取进行中项目-边界场景-无进行中项目返回空列表================================================
2026-04-07 17:42:04 - INFO - 1.正在发送请求
2026-04-07 17:42:04 - INFO - {'method': 'GET', 'url': '/homes/userIngProjects', 'headers': None}
2026-04-07 17:42:04 - INFO - 2.正在断言响应
2026-04-07 17:42:04 - INFO - {'status_code': 200, 'response': {'code': 200, 'msg': 'success', 'data': None}}
2026-04-07 17:42:04 - INFO - resp.json: {'code': 200, 'msg': 'success', 'data': [{'id': 14, 'projectName': '项目3', 'projectType': '校内项目', 'applicant': '小明', 'applicantId': 2, 'funds': 43500.0, 'remainingFunds': 43500.0, 'content': 'https://inventropy.oss-cn-hangzhou.aliyuncs.com/2026/01/项目3.docx', 'startTime': '2026-01-07T16:55:05', 'deadline': '2028-01-01T00:00:00', 'updateTime': '2026-01-07T09:03:43', 'status': 3, 'reason': '暂未审批'}, {'id': 15, 'projectName': '项目4', 'projectType': '校内项目', 'applicant': '小明', 'applicantId': 2, 'funds': 4324.0, 'remainingFunds': 4324.0, 'content': 'https://inventropy.oss-cn-hangzhou.aliyuncs.com/2026/01/项目4.docx', 'startTime': '2026-01-07T16:55:36', 'deadline': '2026-05-22T00:00:00', 'updateTime': '2026-01-07T09:50:52', 'status': 3, 'reason': '暂未审批'}, {'id': 23, 'projectName': '项目12', 'projectType': '校内项目', 'applicant': '小明', 'applicantId': 2, 'funds': 213123.0, 'remainingFunds': 213123.0, 'content': 'https://inventropy.oss-cn-hangzhou.aliyuncs.com/2026/01/项目12.docx', 'startTime': '2026-01-07T16:59:19', 'deadline': '2027-03-19T00:00:00', 'updateTime': '2026-01-07T09:50:55', 'status': 3, 'reason': '暂未审批'}]}
2026-04-07 17:42:04 - INFO - 所有断言通过
2026-04-07 17:42:04 - INFO - ================================================获取已完成项目-正常场景-成功返回已完成项目列表================================================
2026-04-07 17:42:04 - INFO - 1.正在发送请求
2026-04-07 17:42:04 - INFO - {'method': 'GET', 'url': '/project/getFinishedProjects', 'headers': None}
2026-04-07 17:42:04 - INFO - 2.正在断言响应
2026-04-07 17:42:04 - INFO - {'status_code': 200, 'response': {'code': 200, 'msg': 'success', 'data': {'list_data': {'object_required_items': ['id', 'projectName', 'projectType', 'applicant', 'funds', 'status', 'remainingFunds', 'startTime', 'deadline', 'updateTime']}}}}
2026-04-07 17:42:04 - INFO - resp.json: {'code': 200, 'msg': 'success', 'data': [{'id': 16, 'projectName': '项目5', 'projectType': '纵向项目', 'applicant': '小明', 'applicantId': 2, 'funds': 3242.0, 'remainingFunds': 3242.0, 'content': 'https://inventropy.oss-cn-hangzhou.aliyuncs.com/2026/01/项目5.docx', 'startTime': '2026-01-07T16:55:57', 'deadline': '2026-08-28T00:00:00', 'updateTime': '2026-01-07T09:06:14', 'status': 4, 'reason': '暂未审批'}, {'id': 1, 'projectName': '通过', 'projectType': '纵向项目', 'applicant': '小明', 'applicantId': 2, 'funds': 10000.0, 'remainingFunds': 5000.0, 'content': 'https://inventropy.oss-cn-hangzhou.aliyuncs.com/2025/12/项目1.docx', 'startTime': '2025-12-26T11:20:56', 'deadline': '2026-01-01T00:00:00', 'updateTime': '2026-01-07T09:28:43', 'status': 5, 'reason': '暂未审批'}]}
2026-04-07 17:42:04 - INFO - 所有断言通过
2026-04-07 17:42:04 - INFO - ================================================获取已完成项目-异常场景-未登录访问返回401=================================================
2026-04-07 17:42:04 - INFO - 1.正在发送请求
2026-04-07 17:42:04 - INFO - {'method': 'GET', 'url': '/project/getFinishedProjects', 'headers': {'Token': ''}}
2026-04-07 17:42:05 - INFO - 2.正在断言响应
2026-04-07 17:42:05 - INFO - None
2026-04-07 17:42:05 - INFO - 未设置预期结果，跳过断言
2026-04-07 17:42:05 - INFO - ================================================获取已完成项目-边界场景-无已完成项目返回空列表================================================
2026-04-07 17:42:05 - INFO - 1.正在发送请求
2026-04-07 17:42:05 - INFO - {'method': 'GET', 'url': '/project/getFinishedProjects', 'headers': {'Authorization': 'eyJhbGciOiJIUzI1NiJ9.eyJpZCI6MSwidXNlclR5cGUiOiJhZG1pbiIsInVzZXJuYW1lIjoiYWRtaW4iLCJleHAiOjE3NzU1OTgxMjB9.2HkrxahuUYsxxOYPDlmlX_Rgk8XqG-Zot-6OhQ32MwQ'}}
2026-04-07 17:42:05 - INFO - 2.正在断言响应
2026-04-07 17:42:05 - INFO - {'status_code': 200, 'response': {'code': 200, 'msg': 'success', 'data': None}}
2026-04-07 17:42:05 - INFO - resp.json: {'code': 200, 'msg': 'success', 'data': [{'id': 16, 'projectName': '项目5', 'projectType': '纵向项目', 'applicant': '小明', 'applicantId': 2, 'funds': 3242.0, 'remainingFunds': 3242.0, 'content': 'https://inventropy.oss-cn-hangzhou.aliyuncs.com/2026/01/项目5.docx', 'startTime': '2026-01-07T16:55:57', 'deadline': '2026-08-28T00:00:00', 'updateTime': '2026-01-07T09:06:14', 'status': 4, 'reason': '暂未审批'}, {'id': 1, 'projectName': '通过', 'projectType': '纵向项目', 'applicant': '小明', 'applicantId': 2, 'funds': 10000.0, 'remainingFunds': 5000.0, 'content': 'https://inventropy.oss-cn-hangzhou.aliyuncs.com/2025/12/项目1.docx', 'startTime': '2025-12-26T11:20:56', 'deadline': '2026-01-01T00:00:00', 'updateTime': '2026-01-07T09:28:43', 'status': 5, 'reason': '暂未审批'}]}
2026-04-07 17:42:05 - INFO - 所有断言通过
2026-04-07 17:42:05 - INFO - ================================================获取进行中项目-正常场景-成功返回进行中项目列表================================================
2026-04-07 17:42:05 - INFO - 1.正在发送请求
2026-04-07 17:42:05 - INFO - {'method': 'GET', 'url': '/project/getIngProjects', 'headers': None}
2026-04-07 17:42:05 - INFO - 2.正在断言响应
2026-04-07 17:42:05 - INFO - {'status_code': 200, 'response': {'code': 200, 'msg': 'success', 'data': {'list_data': {'object_required_items': ['id', 'projectName', 'projectType', 'applicant', 'funds', 'remainingFunds', 'status']}}}}
2026-04-07 17:42:05 - INFO - resp.json: {'code': 200, 'msg': 'success', 'data': [{'id': 14, 'projectName': '项目3', 'projectType': '校内项目', 'applicant': '小明', 'applicantId': 2, 'funds': 43500.0, 'remainingFunds': 43500.0, 'content': 'https://inventropy.oss-cn-hangzhou.aliyuncs.com/2026/01/项目3.docx', 'startTime': '2026-01-07T16:55:05', 'deadline': '2028-01-01T00:00:00', 'updateTime': '2026-01-07T09:03:43', 'status': 3, 'reason': '暂未审批'}, {'id': 15, 'projectName': '项目4', 'projectType': '校内项目', 'applicant': '小明', 'applicantId': 2, 'funds': 4324.0, 'remainingFunds': 4324.0, 'content': 'https://inventropy.oss-cn-hangzhou.aliyuncs.com/2026/01/项目4.docx', 'startTime': '2026-01-07T16:55:36', 'deadline': '2026-05-22T00:00:00', 'updateTime': '2026-01-07T09:50:52', 'status': 3, 'reason': '暂未审批'}, {'id': 23, 'projectName': '项目12', 'projectType': '校内项目', 'applicant': '小明', 'applicantId': 2, 'funds': 213123.0, 'remainingFunds': 213123.0, 'content': 'https://inventropy.oss-cn-hangzhou.aliyuncs.com/2026/01/项目12.docx', 'startTime': '2026-01-07T16:59:19', 'deadline': '2027-03-19T00:00:00', 'updateTime': '2026-01-07T09:50:55', 'status': 3, 'reason': '暂未审批'}]}
2026-04-07 17:42:05 - INFO - 所有断言通过
2026-04-07 17:42:05 - INFO - ===============================================获取进行中项目-异常场景-未携带Token认证信息================================================
2026-04-07 17:42:05 - INFO - 1.正在发送请求
2026-04-07 17:42:05 - INFO - {'method': 'GET', 'url': '/project/getIngProjects', 'headers': {'Token': ''}}
2026-04-07 17:42:05 - INFO - 2.正在断言响应
2026-04-07 17:42:05 - INFO - {'status_code': 401}
2026-04-07 17:42:05 - INFO - resp.json: {}
2026-04-07 17:42:05 - INFO - 所有断言通过
2026-04-07 17:42:05 - INFO - ===============================================获取进行中项目-边界场景-用户无进行中项目返回空列表===============================================
2026-04-07 17:42:05 - INFO - 1.正在发送请求
2026-04-07 17:42:05 - INFO - {'method': 'GET', 'url': '/project/getIngProjects', 'headers': None}
2026-04-07 17:42:05 - INFO - 2.正在断言响应
2026-04-07 17:42:05 - INFO - {'status_code': 200, 'response': {'code': 200, 'msg': 'success', 'data': None}}
2026-04-07 17:42:05 - INFO - resp.json: {'code': 200, 'msg': 'success', 'data': [{'id': 14, 'projectName': '项目3', 'projectType': '校内项目', 'applicant': '小明', 'applicantId': 2, 'funds': 43500.0, 'remainingFunds': 43500.0, 'content': 'https://inventropy.oss-cn-hangzhou.aliyuncs.com/2026/01/项目3.docx', 'startTime': '2026-01-07T16:55:05', 'deadline': '2028-01-01T00:00:00', 'updateTime': '2026-01-07T09:03:43', 'status': 3, 'reason': '暂未审批'}, {'id': 15, 'projectName': '项目4', 'projectType': '校内项目', 'applicant': '小明', 'applicantId': 2, 'funds': 4324.0, 'remainingFunds': 4324.0, 'content': 'https://inventropy.oss-cn-hangzhou.aliyuncs.com/2026/01/项目4.docx', 'startTime': '2026-01-07T16:55:36', 'deadline': '2026-05-22T00:00:00', 'updateTime': '2026-01-07T09:50:52', 'status': 3, 'reason': '暂未审批'}, {'id': 23, 'projectName': '项目12', 'projectType': '校内项目', 'applicant': '小明', 'applicantId': 2, 'funds': 213123.0, 'remainingFunds': 213123.0, 'content': 'https://inventropy.oss-cn-hangzhou.aliyuncs.com/2026/01/项目12.docx', 'startTime': '2026-01-07T16:59:19', 'deadline': '2027-03-19T00:00:00', 'updateTime': '2026-01-07T09:50:55', 'status': 3, 'reason': '暂未审批'}]}
2026-04-07 17:42:05 - INFO - 所有断言通过
2026-04-07 17:42:05 - INFO - ================================================获取项目时间线-正常场景-有效项目ID查询成功=================================================
2026-04-07 17:42:05 - INFO - 1.正在发送请求
2026-04-07 17:42:05 - INFO - {'method': 'GET', 'url': '/project/getTimeLines/16', 'headers': None}
2026-04-07 17:42:06 - INFO - 2.正在断言响应
2026-04-07 17:42:06 - INFO - {'status_code': 200, 'response': {'code': 200, 'msg': 'success', 'data': {'list_data': {'object_required_items': ['id', 'projectId', 'oldStatus', 'newStatus', 'reason', 'createTime', 'approverId']}}}}
2026-04-07 17:42:06 - INFO - resp.json: {'code': 200, 'msg': 'success', 'data': [{'id': 34, 'projectId': 16, 'oldStatus': -1, 'newStatus': 0, 'reason': '创建项目', 'createTime': '2026-01-07T08:55:57', 'approverId': 2}, {'id': 51, 'projectId': 16, 'oldStatus': 0, 'newStatus': 3, 'reason': '审批通过', 'createTime': '2026-01-07T09:04:01', 'approverId': 1}, {'id': 60, 'projectId': 16, 'oldStatus': 4, 'newStatus': 4, 'reason': '经过讨论决定', 'createTime': '2026-01-07T09:06:14', 'approverId': 1}]}
2026-04-07 17:42:06 - INFO - 所有断言通过
2026-04-07 17:42:06 - INFO - ================================================获取项目时间线-异常场景-无效项目ID返回失败=================================================
2026-04-07 17:42:06 - INFO - 1.正在发送请求
2026-04-07 17:42:06 - INFO - {'method': 'GET', 'url': '/project/getTimeLines/-1', 'headers': {'Authorization': 'eyJhbGciOiJIUzI1NiJ9.eyJpZCI6MSwidXNlclR5cGUiOiJhZG1pbiIsInVzZXJuYW1lIjoiYWRtaW4iLCJleHAiOjE3NzU1OTgxMjB9.2HkrxahuUYsxxOYPDlmlX_Rgk8XqG-Zot-6OhQ32MwQ'}}
2026-04-07 17:42:06 - INFO - 2.正在断言响应
2026-04-07 17:42:06 - INFO - {'status_code': 200, 'response': {'code': 400, 'msg': '出错啦~', 'data': None}}
2026-04-07 17:42:06 - INFO - resp.json: {'code': 200, 'msg': 'success', 'data': []}
2026-04-07 17:42:06 - ERROR - 共 2 个断言失败:
  - 响应字段: 期望 code=400, 实际 200
  - 响应字段: 期望 msg='出错啦~', 实际 'success'
2026-04-07 17:42:06 - INFO - ==============================================获取未通过项目-正常场景-成功返回未通过审批的项目列表===============================================
2026-04-07 17:42:06 - INFO - 1.正在发送请求
2026-04-07 17:42:06 - INFO - {'method': 'GET', 'url': '/project/getUnpassedProjects', 'headers': None}
2026-04-07 17:42:06 - INFO - 2.正在断言响应
2026-04-07 17:42:06 - INFO - {'status_code': 200, 'response': {'code': 200, 'msg': 'success', 'data': {'list_data': {'object_required_items': ['id', 'projectName', 'approver', 'reason', 'createTime', 'status']}}}}
2026-04-07 17:42:06 - INFO - resp.json: {'code': 200, 'msg': 'success', 'data': [{'id': 0, 'projectName': '纵向研究项目bc9b7128-01cf-426d-bc53-b86d351e45d2', 'approver': '小明', 'reason': '创建项目', 'createTime': '2026-02-22T15:30:15', 'status': 0}, {'id': 1, 'projectName': '纵向研究项目8f0f5a15-1861-4a7f-ab5d-34e6aeb5f287', 'approver': '小明', 'reason': '创建项目', 'createTime': '2026-02-22T14:48:34', 'status': 0}, {'id': 2, 'projectName': '纵向研究项目29f455d4-2f5c-46d7-bfd1-a6d7afbe4c5b', 'approver': '小明', 'reason': '创建项目', 'createTime': '2026-02-22T14:44:20', 'status': 0}, {'id': 3, 'projectName': '纵向研究项目92bb40b1-3f0a-4f67-87dd-fc8febcf286e', 'approver': '小明', 'reason': '创建项目', 'createTime': '2026-02-22T14:24:49', 'status': 0}, {'id': 4, 'projectName': '纵向研究项目5f810933-546f-430d-a7b7-24baf1adf4d9', 'approver': '小明', 'reason': '创建项目', 'createTime': '2026-02-20T17:12:12', 'status': 0}, {'id': 5, 'projectName': '数据太少了怎么办', 'approver': '小明', 'reason': '创建项目', 'createTime': '2026-01-07T09:50:29', 'status': 0}, {'id': 6, 'projectName': '项目3', 'approver': '管理员1号', 'reason': '不好', 'createTime': '2026-01-07T09:03:37', 'status': 1}, {'id': 7, 'projectName': '项目20', 'approver': '小明', 'reason': '创建项目', 'createTime': '2026-01-07T09:02:03', 'status': 0}, {'id': 8, 'projectName': '项目19', 'approver': '小明', 'reason': '创建项目', 'createTime': '2026-01-07T09:01:37', 'status': 0}, {'id': 9, 'projectName': '项目18', 'approver': '小明', 'reason': '创建项目', 'createTime': '2026-01-07T09:01:12', 'status': 0}, {'id': 10, 'projectName': '项目17', 'approver': '小明', 'reason': '创建项目', 'createTime': '2026-01-07T09:00:51', 'status': 0}, {'id': 11, 'projectName': '项目11', 'approver': '小明', 'reason': '创建项目', 'createTime': '2026-01-07T08:58:59', 'status': 0}, {'id': 12, 'projectName': '项目9', 'approver': '小明', 'reason': '创建项目', 'createTime': '2026-01-07T08:58:08', 'status': 0}, {'id': 13, 'projectName': '项目8', 'approver': '小明', 'reason': '创建项目', 'createTime': '2026-01-07T08:57:28', 'status': 0}, {'id': 14, 'projectName': '项目7', 'approver': '小明', 'reason': '创建项目', 'createTime': '2026-01-07T08:56:39', 'status': 0}, {'id': 15, 'projectName': '项目6', 'approver': '小明', 'reason': '创建项目', 'createTime': '2026-01-07T08:56:13', 'status': 0}]}
2026-04-07 17:42:06 - INFO - 所有断言通过
2026-04-07 17:42:06 - INFO - ==============================================获取未通过项目-异常场景-未携带认证Token访问被拒绝==============================================
2026-04-07 17:42:06 - INFO - 1.正在发送请求
2026-04-07 17:42:06 - INFO - {'method': 'GET', 'url': '/project/getUnpassedProjects', 'headers': {'Token': ''}}
2026-04-07 17:42:06 - INFO - 2.正在断言响应
2026-04-07 17:42:06 - INFO - {'status_code': 401}
2026-04-07 17:42:06 - INFO - resp.json: {}
2026-04-07 17:42:06 - INFO - 所有断言通过
2026-04-07 17:42:06 - INFO - ==============================================获取未通过项目-边界场景-用户无未通过项目时返回空列表===============================================
2026-04-07 17:42:06 - INFO - 1.正在发送请求
2026-04-07 17:42:06 - INFO - {'method': 'GET', 'url': '/project/getUnpassedProjects', 'headers': None}
2026-04-07 17:42:07 - INFO - 2.正在断言响应
2026-04-07 17:42:07 - INFO - {'status_code': 200, 'response': {'code': 200, 'msg': 'success', 'data': None}}
2026-04-07 17:42:07 - INFO - resp.json: {'code': 200, 'msg': 'success', 'data': [{'id': 0, 'projectName': '纵向研究项目bc9b7128-01cf-426d-bc53-b86d351e45d2', 'approver': '小明', 'reason': '创建项目', 'createTime': '2026-02-22T15:30:15', 'status': 0}, {'id': 1, 'projectName': '纵向研究项目8f0f5a15-1861-4a7f-ab5d-34e6aeb5f287', 'approver': '小明', 'reason': '创建项目', 'createTime': '2026-02-22T14:48:34', 'status': 0}, {'id': 2, 'projectName': '纵向研究项目29f455d4-2f5c-46d7-bfd1-a6d7afbe4c5b', 'approver': '小明', 'reason': '创建项目', 'createTime': '2026-02-22T14:44:20', 'status': 0}, {'id': 3, 'projectName': '纵向研究项目92bb40b1-3f0a-4f67-87dd-fc8febcf286e', 'approver': '小明', 'reason': '创建项目', 'createTime': '2026-02-22T14:24:49', 'status': 0}, {'id': 4, 'projectName': '纵向研究项目5f810933-546f-430d-a7b7-24baf1adf4d9', 'approver': '小明', 'reason': '创建项目', 'createTime': '2026-02-20T17:12:12', 'status': 0}, {'id': 5, 'projectName': '数据太少了怎么办', 'approver': '小明', 'reason': '创建项目', 'createTime': '2026-01-07T09:50:29', 'status': 0}, {'id': 6, 'projectName': '项目3', 'approver': '管理员1号', 'reason': '不好', 'createTime': '2026-01-07T09:03:37', 'status': 1}, {'id': 7, 'projectName': '项目20', 'approver': '小明', 'reason': '创建项目', 'createTime': '2026-01-07T09:02:03', 'status': 0}, {'id': 8, 'projectName': '项目19', 'approver': '小明', 'reason': '创建项目', 'createTime': '2026-01-07T09:01:37', 'status': 0}, {'id': 9, 'projectName': '项目18', 'approver': '小明', 'reason': '创建项目', 'createTime': '2026-01-07T09:01:12', 'status': 0}, {'id': 10, 'projectName': '项目17', 'approver': '小明', 'reason': '创建项目', 'createTime': '2026-01-07T09:00:51', 'status': 0}, {'id': 11, 'projectName': '项目11', 'approver': '小明', 'reason': '创建项目', 'createTime': '2026-01-07T08:58:59', 'status': 0}, {'id': 12, 'projectName': '项目9', 'approver': '小明', 'reason': '创建项目', 'createTime': '2026-01-07T08:58:08', 'status': 0}, {'id': 13, 'projectName': '项目8', 'approver': '小明', 'reason': '创建项目', 'createTime': '2026-01-07T08:57:28', 'status': 0}, {'id': 14, 'projectName': '项目7', 'approver': '小明', 'reason': '创建项目', 'createTime': '2026-01-07T08:56:39', 'status': 0}, {'id': 15, 'projectName': '项目6', 'approver': '小明', 'reason': '创建项目', 'createTime': '2026-01-07T08:56:13', 'status': 0}]}
2026-04-07 17:42:07 - INFO - 所有断言通过
2026-04-07 17:42:07 - INFO - ==================================================提交项目-正常场景-项目信息完整提交成功==================================================
2026-04-07 17:42:07 - INFO - 1.正在发送请求
2026-04-07 17:42:07 - INFO - {'method': 'POST', 'url': '/project/submit', 'headers': {}, 'json': {'projectName': '项目e6c84787-318e-49b4-afaa-28d27a9bb460', 'projectType': '横向项目', 'applicant': '小红', 'applicantId': '', 'funds': 1234, 'content': 'https://inventropy.oss-cn-hangzhou.aliyuncs.com/2026/02/项目13.docx', 'deadline': '2026-02-28T00:00:00'}}
2026-04-07 17:42:07 - INFO - 2.正在断言响应
2026-04-07 17:42:07 - INFO - {'status_code': 200, 'response': {'code': 200, 'msg': 'success', 'data': None}}
2026-04-07 17:42:07 - INFO - resp.json: {'code': 200, 'msg': 'success', 'data': None}
2026-04-07 17:42:07 - INFO - 所有断言通过
2026-04-07 17:42:07 - INFO - ===================================================提交项目-正常场景-纵向项目提交成功===================================================
2026-04-07 17:42:07 - INFO - 1.正在发送请求
2026-04-07 17:42:07 - INFO - {'method': 'POST', 'url': '/project/submit', 'headers': {}, 'json': {'projectName': '纵向研究项目88775f36-a059-48c7-81ec-9d0720c7c303', 'projectType': '纵向项目', 'applicant': '小明', 'applicantId': '', 'funds': 50000, 'content': 'https://inventropy.oss-cn-hangzhou.aliyuncs.com/2026/02/纵向项目.docx', 'deadline': '2026-12-31T00:00:00'}}
2026-04-07 17:42:07 - INFO - 2.正在断言响应
2026-04-07 17:42:07 - INFO - {'status_code': 200, 'response': {'code': 200, 'msg': 'success', 'data': None}}
2026-04-07 17:42:07 - INFO - resp.json: {'code': 200, 'msg': 'success', 'data': None}
2026-04-07 17:42:07 - INFO - 所有断言通过
2026-04-07 17:42:07 - INFO - ====================================================提交项目-异常场景-缺少项目名称====================================================
2026-04-07 17:42:07 - INFO - 1.正在发送请求
2026-04-07 17:42:07 - INFO - {'method': 'POST', 'url': '/project/submit', 'headers': {}, 'json': {'projectType': '横向项目', 'applicant': '小红', 'applicantId': '', 'funds': 1234, 'content': 'https://inventropy.oss-cn-hangzhou.aliyuncs.com/2026/02/项目13.docx', 'deadline': '2026-02-28T00:00:00'}}
2026-04-07 17:42:08 - INFO - 2.正在断言响应
2026-04-07 17:42:08 - INFO - {'status_code': 200, 'response': {'code': 400}}
2026-04-07 17:42:08 - INFO - resp.json: {'code': 400, 'msg': '出错啦~', 'data': None}
2026-04-07 17:42:08 - INFO - 所有断言通过
2026-04-07 17:42:08 - INFO - ====================================================提交项目-异常场景-缺少项目类型====================================================
2026-04-07 17:42:08 - INFO - 1.正在发送请求
2026-04-07 17:42:08 - INFO - {'method': 'POST', 'url': '/project/submit', 'headers': {}, 'json': {'projectName': '项目24287019-5616-40e6-80b9-12a74b816291', 'applicant': '小红', 'applicantId': '', 'funds': 1234, 'content': 'https://inventropy.oss-cn-hangzhou.aliyuncs.com/2026/02/项目13.docx', 'deadline': '2026-02-28T00:00:00'}}
2026-04-07 17:42:08 - INFO - 2.正在断言响应
2026-04-07 17:42:08 - INFO - {'status_code': 200, 'response': {'code': 400}}
2026-04-07 17:42:08 - INFO - resp.json: {'code': 200, 'msg': 'success', 'data': None}
2026-04-07 17:42:08 - ERROR - 共 1 个断言失败:
  - 响应字段: 期望 code=400, 实际 200
2026-04-07 17:42:08 - INFO - ====================================================提交项目-异常场景-缺少申请人=====================================================
2026-04-07 17:42:08 - INFO - 1.正在发送请求
2026-04-07 17:42:08 - INFO - {'method': 'POST', 'url': '/project/submit', 'headers': {}, 'json': {'projectName': '项目24c8a438-c22f-4af0-b544-d84c99e7f5a5', 'projectType': '横向项目', 'applicantId': '', 'funds': 1234, 'content': 'https://inventropy.oss-cn-hangzhou.aliyuncs.com/2026/02/项目13.docx', 'deadline': '2026-02-28T00:00:00'}}
2026-04-07 17:42:08 - INFO - 2.正在断言响应
2026-04-07 17:42:08 - INFO - {'status_code': 200, 'response': {'code': 400}}
2026-04-07 17:42:08 - INFO - resp.json: {'code': 400, 'msg': '出错啦~', 'data': None}
2026-04-07 17:42:08 - INFO - 所有断言通过
2026-04-07 17:42:08 - INFO - ====================================================提交项目-异常场景-缺少经费金额====================================================
2026-04-07 17:42:08 - INFO - 1.正在发送请求
2026-04-07 17:42:08 - INFO - {'method': 'POST', 'url': '/project/submit', 'headers': {}, 'json': {'projectName': '项目7223a4dc-f20b-4adc-ae5e-a7927259a576', 'projectType': '横向项目', 'applicant': '小红', 'applicantId': '', 'content': 'https://inventropy.oss-cn-hangzhou.aliyuncs.com/2026/02/项目13.docx', 'deadline': '2026-02-28T00:00:00'}}
2026-04-07 17:42:08 - INFO - 2.正在断言响应
2026-04-07 17:42:08 - INFO - {'status_code': 200, 'response': {'code': 400}}
2026-04-07 17:42:08 - INFO - resp.json: {'code': 400, 'msg': '出错啦~', 'data': None}
2026-04-07 17:42:08 - INFO - 所有断言通过
2026-04-07 17:42:08 - INFO - ===================================================提交项目-异常场景-无效的项目类型====================================================
2026-04-07 17:42:08 - INFO - 1.正在发送请求
2026-04-07 17:42:08 - INFO - {'method': 'POST', 'url': '/project/submit', 'headers': {}, 'json': {'projectName': '项目71f19df2-2817-4ef9-8458-7d7744ff2224', 'projectType': '非法项目类型', 'applicant': '小红', 'applicantId': '', 'funds': 1234, 'content': 'https://inventropy.oss-cn-hangzhou.aliyuncs.com/2026/02/项目13.docx', 'deadline': '2026-02-28T00:00:00'}}
2026-04-07 17:42:09 - INFO - 2.正在断言响应
2026-04-07 17:42:09 - INFO - {'status_code': 200, 'response': {'code': 400}}
2026-04-07 17:42:09 - INFO - resp.json: {'code': 200, 'msg': 'success', 'data': None}
2026-04-07 17:42:09 - ERROR - 共 1 个断言失败:
  - 响应字段: 期望 code=400, 实际 200
2026-04-07 17:42:09 - INFO - ====================================================提交项目-边界场景-经费为负数=====================================================
2026-04-07 17:42:09 - INFO - 1.正在发送请求
2026-04-07 17:42:09 - INFO - {'method': 'POST', 'url': '/project/submit', 'headers': {}, 'json': {'projectName': '项目1fdd2b64-a790-4b6d-8ae3-4984057a513f', 'projectType': '横向项目', 'applicant': '小红', 'applicantId': '', 'funds': -1000, 'content': 'https://inventropy.oss-cn-hangzhou.aliyuncs.com/2026/02/项目13.docx', 'deadline': '2026-02-28T00:00:00'}}
2026-04-07 17:42:09 - INFO - 2.正在断言响应
2026-04-07 17:42:09 - INFO - {'status_code': 200, 'response': {'code': 400}}
2026-04-07 17:42:09 - INFO - resp.json: {'code': 200, 'msg': 'success', 'data': None}
2026-04-07 17:42:09 - ERROR - 共 1 个断言失败:
  - 响应字段: 期望 code=400, 实际 200
2026-04-07 17:42:09 - INFO - =====================================================提交项目-边界场景-经费为零=====================================================
2026-04-07 17:42:09 - INFO - 1.正在发送请求
2026-04-07 17:42:09 - INFO - {'method': 'POST', 'url': '/project/submit', 'headers': {}, 'json': {'projectName': '项目842b26d7-bc97-4193-8caa-9abb1e2613f9', 'projectType': '横向项目', 'applicant': '小红', 'applicantId': '', 'funds': 0, 'content': 'https://inventropy.oss-cn-hangzhou.aliyuncs.com/2026/02/项目13.docx', 'deadline': '2026-02-28T00:00:00'}}
2026-04-07 17:42:09 - INFO - 2.正在断言响应
2026-04-07 17:42:09 - INFO - {'status_code': 200, 'response': {'code': 400}}
2026-04-07 17:42:09 - INFO - resp.json: {'code': 200, 'msg': 'success', 'data': None}
2026-04-07 17:42:09 - ERROR - 共 1 个断言失败:
  - 响应字段: 期望 code=400, 实际 200
2026-04-07 17:42:09 - INFO - ====================================================提交项目-边界场景-项目名称为空====================================================
2026-04-07 17:42:09 - INFO - 1.正在发送请求
2026-04-07 17:42:09 - INFO - {'method': 'POST', 'url': '/project/submit', 'headers': {}, 'json': {'projectName': '', 'projectType': '横向项目', 'applicant': '小红', 'applicantId': '', 'funds': 1234, 'content': 'https://inventropy.oss-cn-hangzhou.aliyuncs.com/2026/02/项目13.docx', 'deadline': '2026-02-28T00:00:00'}}
2026-04-07 17:42:09 - INFO - 2.正在断言响应
2026-04-07 17:42:09 - INFO - {'status_code': 200, 'response': {'code': 400}}
2026-04-07 17:42:09 - INFO - resp.json: {'code': 200, 'msg': 'success', 'data': None}
2026-04-07 17:42:09 - ERROR - 共 1 个断言失败:
  - 响应字段: 期望 code=400, 实际 200
2026-04-07 17:42:10 - INFO - ====================================================提交项目-边界场景-申请人为空=====================================================
2026-04-07 17:42:10 - INFO - 1.正在发送请求
2026-04-07 17:42:10 - INFO - {'method': 'POST', 'url': '/project/submit', 'headers': {}, 'json': {'projectName': '项目f02f0858-1da0-42ef-9250-656874fc749e', 'projectType': '横向项目', 'applicant': '', 'applicantId': '', 'funds': 1234, 'content': 'https://inventropy.oss-cn-hangzhou.aliyuncs.com/2026/02/项目13.docx', 'deadline': '2026-02-28T00:00:00'}}
2026-04-07 17:42:10 - INFO - 2.正在断言响应
2026-04-07 17:42:10 - INFO - {'status_code': 200, 'response': {'code': 400}}
2026-04-07 17:42:10 - INFO - resp.json: {'code': 200, 'msg': 'success', 'data': None}
2026-04-07 17:42:10 - ERROR - 共 1 个断言失败:
  - 响应字段: 期望 code=400, 实际 200
2026-04-07 17:42:10 - INFO - ==================================================提交项目-边界场景-截止日期为过去时间===================================================
2026-04-07 17:42:10 - INFO - 1.正在发送请求
2026-04-07 17:42:10 - INFO - {'method': 'POST', 'url': '/project/submit', 'headers': {}, 'json': {'projectName': '项目4cc5203f-696f-4034-884a-c78811c970c2', 'projectType': '横向项目', 'applicant': '小红', 'applicantId': '', 'funds': 1234, 'content': 'https://inventropy.oss-cn-hangzhou.aliyuncs.com/2026/02/项目13.docx', 'deadline': '2020-01-01T00:00:00'}}
2026-04-07 17:42:10 - INFO - 2.正在断言响应
2026-04-07 17:42:10 - INFO - {'status_code': 200, 'response': {'code': 400}}
2026-04-07 17:42:10 - INFO - resp.json: {'code': 200, 'msg': 'success', 'data': None}
2026-04-07 17:42:10 - ERROR - 共 1 个断言失败:
  - 响应字段: 期望 code=400, 实际 200
2026-04-07 17:42:10 - INFO - ===================================================提交项目-异常场景-截止日期格式错误===================================================
2026-04-07 17:42:10 - INFO - 1.正在发送请求
2026-04-07 17:42:10 - INFO - {'method': 'POST', 'url': '/project/submit', 'headers': {}, 'json': {'projectName': '项目d061e219-2381-4c3c-a22e-ffc8ae2f4ee7', 'projectType': '横向项目', 'applicant': '小红', 'applicantId': '', 'funds': 1234, 'content': 'https://inventropy.oss-cn-hangzhou.aliyuncs.com/2026/02/项目13.docx', 'deadline': '2026/02/28'}}
2026-04-07 17:42:10 - INFO - 2.正在断言响应
2026-04-07 17:42:10 - INFO - {'status_code': 200, 'response': {'code': 400}}
2026-04-07 17:42:10 - INFO - resp.json: {'code': 400, 'msg': '出错啦~', 'data': None}
2026-04-07 17:42:10 - INFO - 所有断言通过
2026-04-07 17:42:10 - INFO - ====================================================提交项目-异常场景-经费类型错误====================================================
2026-04-07 17:42:10 - INFO - 1.正在发送请求
2026-04-07 17:42:10 - INFO - {'method': 'POST', 'url': '/project/submit', 'headers': {}, 'json': {'projectName': '项目3b0d9fb3-684a-40b7-9213-c5a50f942840', 'projectType': '横向项目', 'applicant': '小红', 'applicantId': '', 'funds': '一千元', 'content': 'https://inventropy.oss-cn-hangzhou.aliyuncs.com/2026/02/项目13.docx', 'deadline': '2026-02-28T00:00:00'}}
2026-04-07 17:42:10 - INFO - 2.正在断言响应
2026-04-07 17:42:10 - INFO - {'status_code': 200, 'response': {'code': 400}}
2026-04-07 17:42:10 - INFO - resp.json: {'code': 400, 'msg': '出错啦~', 'data': None}
2026-04-07 17:42:10 - INFO - 所有断言通过
2026-04-07 17:42:10 - INFO - ===================================================申请经费-正常场景-参数正确提交成功===================================================
2026-04-07 17:42:10 - INFO - 1.正在发送请求
2026-04-07 17:42:10 - INFO - {'method': 'PUT', 'url': '/user/commitPayFunds', 'headers': {'Content-Type': 'application/json'}, 'json': {'projectId': 14, 'applicant': '', 'reason': '购买实验材料', 'appliedFunds': 5000.0, 'remainingFunds': 43500.0, 'applicantId': 0}}
2026-04-07 17:42:11 - INFO - 2.正在断言响应
2026-04-07 17:42:11 - INFO - {'status_code': 200, 'response': {'code': 200, 'msg': 'success', 'data': None}}
2026-04-07 17:42:11 - INFO - resp.json: {'code': 200, 'msg': 'success', 'data': None}
2026-04-07 17:42:11 - INFO - 所有断言通过
2026-04-07 17:42:11 - INFO - ====================================================申请经费-异常场景-缺少项目ID====================================================
2026-04-07 17:42:11 - INFO - 1.正在发送请求
2026-04-07 17:42:11 - INFO - {'method': 'PUT', 'url': '/user/commitPayFunds', 'headers': {'Content-Type': 'application/json'}, 'json': {'applicant': '李四', 'reason': '设备维护', 'appliedFunds': 3000.0, 'remainingFunds': 17000.0, 'appliedTime': '2026-04-07 17:42:11'}}
2026-04-07 17:42:11 - INFO - 2.正在断言响应
2026-04-07 17:42:11 - INFO - {'status_code': 200, 'response': {'code': 400, 'msg': '出错啦~', 'data': None}}
2026-04-07 17:42:11 - INFO - resp.json: {'code': 400, 'msg': '出错啦~', 'data': None}
2026-04-07 17:42:11 - INFO - 所有断言通过
2026-04-07 17:42:11 - INFO - 测试会话结束...关闭测试环境...
